Archive member included because of file (symbol)

c:/altera/13.0sp1/nios2eds/bin/gnu/h-i686-mingw32/bin/../lib/gcc/nios2-elf/4.1.2/../../../../nios2-elf/lib\libc.a(lib_a-puts.o)
                              obj/default/hello_world.o (puts)
c:/altera/13.0sp1/nios2eds/bin/gnu/h-i686-mingw32/bin/../lib/gcc/nios2-elf/4.1.2/../../../../nios2-elf/lib\libc.a(lib_a-strlen.o)
                              c:/altera/13.0sp1/nios2eds/bin/gnu/h-i686-mingw32/bin/../lib/gcc/nios2-elf/4.1.2/../../../../nios2-elf/lib\libc.a(lib_a-puts.o) (strlen)
c:/altera/13.0sp1/nios2eds/bin/gnu/h-i686-mingw32/bin/../lib/gcc/nios2-elf/4.1.2/../../../../nios2-elf/lib\libc.a(lib_a-fvwrite.o)
                              c:/altera/13.0sp1/nios2eds/bin/gnu/h-i686-mingw32/bin/../lib/gcc/nios2-elf/4.1.2/../../../../nios2-elf/lib\libc.a(lib_a-puts.o) (__sfvwrite_r)
c:/altera/13.0sp1/nios2eds/bin/gnu/h-i686-mingw32/bin/../lib/gcc/nios2-elf/4.1.2/../../../../nios2-elf/lib\libc.a(lib_a-impure.o)
                              c:/altera/13.0sp1/nios2eds/bin/gnu/h-i686-mingw32/bin/../lib/gcc/nios2-elf/4.1.2/../../../../nios2-elf/lib\libc.a(lib_a-puts.o) (_impure_ptr)
c:/altera/13.0sp1/nios2eds/bin/gnu/h-i686-mingw32/bin/../lib/gcc/nios2-elf/4.1.2/../../../../nios2-elf/lib\libc.a(lib_a-mallocr.o)
                              c:/altera/13.0sp1/nios2eds/bin/gnu/h-i686-mingw32/bin/../lib/gcc/nios2-elf/4.1.2/../../../../nios2-elf/lib\libc.a(lib_a-fvwrite.o) (_malloc_r)
c:/altera/13.0sp1/nios2eds/bin/gnu/h-i686-mingw32/bin/../lib/gcc/nios2-elf/4.1.2/../../../../nios2-elf/lib\libc.a(lib_a-memchr.o)
                              c:/altera/13.0sp1/nios2eds/bin/gnu/h-i686-mingw32/bin/../lib/gcc/nios2-elf/4.1.2/../../../../nios2-elf/lib\libc.a(lib_a-fvwrite.o) (memchr)
c:/altera/13.0sp1/nios2eds/bin/gnu/h-i686-mingw32/bin/../lib/gcc/nios2-elf/4.1.2/../../../../nios2-elf/lib\libc.a(lib_a-memcpy.o)
                              c:/altera/13.0sp1/nios2eds/bin/gnu/h-i686-mingw32/bin/../lib/gcc/nios2-elf/4.1.2/../../../../nios2-elf/lib\libc.a(lib_a-fvwrite.o) (memcpy)
c:/altera/13.0sp1/nios2eds/bin/gnu/h-i686-mingw32/bin/../lib/gcc/nios2-elf/4.1.2/../../../../nios2-elf/lib\libc.a(lib_a-memmove.o)
                              c:/altera/13.0sp1/nios2eds/bin/gnu/h-i686-mingw32/bin/../lib/gcc/nios2-elf/4.1.2/../../../../nios2-elf/lib\libc.a(lib_a-fvwrite.o) (memmove)
c:/altera/13.0sp1/nios2eds/bin/gnu/h-i686-mingw32/bin/../lib/gcc/nios2-elf/4.1.2/../../../../nios2-elf/lib\libc.a(lib_a-reallocr.o)
                              c:/altera/13.0sp1/nios2eds/bin/gnu/h-i686-mingw32/bin/../lib/gcc/nios2-elf/4.1.2/../../../../nios2-elf/lib\libc.a(lib_a-fvwrite.o) (_realloc_r)
c:/altera/13.0sp1/nios2eds/bin/gnu/h-i686-mingw32/bin/../lib/gcc/nios2-elf/4.1.2/../../../../nios2-elf/lib\libc.a(lib_a-sbrkr.o)
                              c:/altera/13.0sp1/nios2eds/bin/gnu/h-i686-mingw32/bin/../lib/gcc/nios2-elf/4.1.2/../../../../nios2-elf/lib\libc.a(lib_a-mallocr.o) (_sbrk_r)
c:/altera/13.0sp1/nios2eds/bin/gnu/h-i686-mingw32/bin/../lib/gcc/nios2-elf/4.1.2/../../../../nios2-elf/lib\libc.a(lib_a-wsetup.o)
                              c:/altera/13.0sp1/nios2eds/bin/gnu/h-i686-mingw32/bin/../lib/gcc/nios2-elf/4.1.2/../../../../nios2-elf/lib\libc.a(lib_a-fvwrite.o) (__swsetup_r)
c:/altera/13.0sp1/nios2eds/bin/gnu/h-i686-mingw32/bin/../lib/gcc/nios2-elf/4.1.2/../../../../nios2-elf/lib\libc.a(lib_a-fflush.o)
                              c:/altera/13.0sp1/nios2eds/bin/gnu/h-i686-mingw32/bin/../lib/gcc/nios2-elf/4.1.2/../../../../nios2-elf/lib\libc.a(lib_a-fvwrite.o) (_fflush_r)
c:/altera/13.0sp1/nios2eds/bin/gnu/h-i686-mingw32/bin/../lib/gcc/nios2-elf/4.1.2/../../../../nios2-elf/lib\libc.a(lib_a-findfp.o)
                              c:/altera/13.0sp1/nios2eds/bin/gnu/h-i686-mingw32/bin/../lib/gcc/nios2-elf/4.1.2/../../../../nios2-elf/lib\libc.a(lib_a-wsetup.o) (__sinit)
c:/altera/13.0sp1/nios2eds/bin/gnu/h-i686-mingw32/bin/../lib/gcc/nios2-elf/4.1.2/../../../../nios2-elf/lib\libc.a(lib_a-freer.o)
                              c:/altera/13.0sp1/nios2eds/bin/gnu/h-i686-mingw32/bin/../lib/gcc/nios2-elf/4.1.2/../../../../nios2-elf/lib\libc.a(lib_a-fvwrite.o) (_free_r)
c:/altera/13.0sp1/nios2eds/bin/gnu/h-i686-mingw32/bin/../lib/gcc/nios2-elf/4.1.2/../../../../nios2-elf/lib\libc.a(lib_a-fwalk.o)
                              c:/altera/13.0sp1/nios2eds/bin/gnu/h-i686-mingw32/bin/../lib/gcc/nios2-elf/4.1.2/../../../../nios2-elf/lib\libc.a(lib_a-fflush.o) (_fwalk_reent)
c:/altera/13.0sp1/nios2eds/bin/gnu/h-i686-mingw32/bin/../lib/gcc/nios2-elf/4.1.2/../../../../nios2-elf/lib\libc.a(lib_a-int_errno.o)
                              c:/altera/13.0sp1/nios2eds/bin/gnu/h-i686-mingw32/bin/../lib/gcc/nios2-elf/4.1.2/../../../../nios2-elf/lib\libc.a(lib_a-sbrkr.o) (errno)
c:/altera/13.0sp1/nios2eds/bin/gnu/h-i686-mingw32/bin/../lib/gcc/nios2-elf/4.1.2/../../../../nios2-elf/lib\libc.a(lib_a-makebuf.o)
[...]
Memory Configuration

Name             Origin             Length             Attributes
onchip_memory2_0 0x00000000         0x00001000
reset            0x01000000         0x00000020
new_sdram_controller_0 0x01000020         0x007fffe0
*default*        0x00000000         0xffffffff

Linker script and memory map

LOAD ../e1_3_bsp//obj/HAL/src/crt0.o
LOAD obj/default/hello_world.o
LOAD c:/altera/13.0sp1/nios2eds/bin/gnu/h-i686-mingw32/bin/../lib/gcc/nios2-elf/4.1.2/../../../../nios2-elf/lib\libstdc++.a
LOAD c:/altera/13.0sp1/nios2eds/bin/gnu/h-i686-mingw32/bin/../lib/gcc/nios2-elf/4.1.2/../../../../nios2-elf/lib\libm.a
LOAD c:/altera/13.0sp1/nios2eds/bin/gnu/h-i686-mingw32/bin/../lib/gcc/nios2-elf/4.1.2\libgcc.a
START GROUP
LOAD c:/altera/13.0sp1/nios2eds/bin/gnu/h-i686-mingw32/bin/../lib/gcc/nios2-elf/4.1.2/../../../../nios2-elf/lib\libc.a
LOAD c:/altera/13.0sp1/nios2eds/bin/gnu/h-i686-mingw32/bin/../lib/gcc/nios2-elf/4.1.2\libgcc.a
LOAD ../e1_3_bsp/\libhal_bsp.a
END GROUP
LOAD c:/altera/13.0sp1/nios2eds/bin/gnu/h-i686-mingw32/bin/../lib/gcc/nios2-elf/4.1.2\libgcc.a
                0x00000000                __alt_mem_onchip_memory2_0 = 0x0
                0x01000000                __alt_mem_new_sdram_controller_0 = 0x1000000

.entry          0x01000000       0x20
 *(.entry)
 .entry         0x01000000       0x20 ../e1_3_bsp//obj/HAL/src/crt0.o
                0x01000000                __reset

.exceptions     0x01000020      0x198
                0x01000020                PROVIDE (__ram_exceptions_start, ABSOLUTE (.))
                0x01000020                . = ALIGN (0x20)
 *(.irq)
 *(.exceptions.entry.label)
 .exceptions.entry.label
                0x01000020        0x0 ../e1_3_bsp/\libhal_bsp.a(alt_irq_entry.o)
                0x01000020                alt_irq_entry
 .exceptions.entry.label
                0x01000020        0x0 ../e1_3_bsp/\libhal_bsp.a(alt_exception_entry.o)
                0x01000020                alt_exception
 *(.exceptions.entry.user)
 *(.exceptions.entry)
 .exceptions.entry
                0x01000020       0x54 ../e1_3_bsp/\libhal_bsp.a(alt_exception_entry.o)
 *(.exceptions.irqtest.user)
 *(.exceptions.irqtest)
 .exceptions.irqtest
                0x01000074       0x10 ../e1_3_bsp/\libhal_bsp.a(alt_irq_entry.o)
 *(.exceptions.irqhandler.user)
 *(.exceptions.irqhandler)
 .exceptions.irqhandler
                0x01000084        0x4 ../e1_3_bsp/\libhal_bsp.a(alt_irq_entry.o)
 *(.exceptions.irqreturn.user)
 *(.exceptions.irqreturn)
 .exceptions.irqreturn
                0x01000088        0x4 ../e1_3_bsp/\libhal_bsp.a(alt_irq_entry.o)
 *(.exceptions.notirq.label)
 .exceptions.notirq.label
                0x0100008c        0x0 ../e1_3_bsp/\libhal_bsp.a(alt_irq_entry.o)
 *(.exceptions.notirq.user)
 *(.exceptions.notirq)
 .exceptions.notirq
                0x0100008c        0x8 ../e1_3_bsp/\libhal_bsp.a(alt_exception_entry.o)
 *(.exceptions.soft.user)
 *(.exceptions.soft)
 *(.exceptions.unknown.user)
 *(.exceptions.unknown)
 .exceptions.unknown
                0x01000094        0x4 ../e1_3_bsp/\libhal_bsp.a(alt_exception_entry.o)
 *(.exceptions.exit.label)
 .exceptions.exit.label
                0x01000098        0x0 ../e1_3_bsp/\libhal_bsp.a(alt_irq_entry.o)
 .exceptions.exit.label
                0x01000098        0x0 ../e1_3_bsp/\libhal_bsp.a(alt_exception_entry.o)
 *(.exceptions.exit.user)
 *(.exceptions.exit)
 .exceptions.exit
                0x01000098       0x54 ../e1_3_bsp/\libhal_bsp.a(alt_exception_entry.o)
 *(.exceptions)
 .exceptions    0x010000ec       0xcc ../e1_3_bsp/\libhal_bsp.a(alt_irq_handler.o)
                0x010000ec                alt_irq_handler
                0x010001b8                PROVIDE (__ram_exceptions_end, ABSOLUTE (.))
                0x01000020                PROVIDE (__flash_exceptions_start, LOADADDR (.exceptions))

.text           0x010001b8     0x5d10
                0x010001b8                PROVIDE (stext, ABSOLUTE (.))
 *(.interp)
 *(.hash)
 *(.dynsym)
 *(.dynstr)
 *(.gnu.version)
 *(.gnu.version_d)
 *(.gnu.version_r)
 *(.rel.init)
 *(.rela.init)
 *(.rel.text .rel.text.* .rel.gnu.linkonce.t.*)
 *(.rela.text .rela.text.* .rela.gnu.linkonce.t.*)
 *(.rel.fini)
 *(.rela.fini)
 *(.rel.rodata .rel.rodata.* .rel.gnu.linkonce.r.*)
 *(.rela.rodata .rela.rodata.* .rela.gnu.linkonce.r.*)
 *(.rel.data .rel.data.* .rel.gnu.linkonce.d.*)
 *(.rela.data .rela.data.* .rela.gnu.linkonce.d.*)
 *(.rel.tdata .rel.tdata.* .rel.gnu.linkonce.td.*)
 *(.rela.tdata .rela.tdata.* .rela.gnu.linkonce.td.*)
 *(.rel.tbss .rel.tbss.* .rel.gnu.linkonce.tb.*)
 *(.rela.tbss .rela.tbss.* .rela.gnu.linkonce.tb.*)
 *(.rel.ctors)
 *(.rela.ctors)
 *(.rel.dtors)
 *(.rela.dtors)
 *(.rel.got)
 *(.rela.got)
 *(.rel.sdata .rel.sdata.* .rel.gnu.linkonce.s.*)
 *(.rela.sdata .rela.sdata.* .rela.gnu.linkonce.s.*)
 *(.rel.sbss .rel.sbss.* .rel.gnu.linkonce.sb.*)
 *(.rela.sbss .rela.sbss.* .rela.gnu.linkonce.sb.*)
 *(.rel.sdata2 .rel.sdata2.* .rel.gnu.linkonce.s2.*)
 *(.rela.sdata2 .rela.sdata2.* .rela.gnu.linkonce.s2.*)
 *(.rel.sbss2 .rel.sbss2.* .rel.gnu.linkonce.sb2.*)
 *(.rela.sbss2 .rela.sbss2.* .rela.gnu.linkonce.sb2.*)
 *(.rel.bss .rel.bss.* .rel.gnu.linkonce.b.*)
 *(.rela.bss .rela.bss.* .rela.gnu.linkonce.b.*)
 *(.rel.plt)
 *(.rela.plt)
 *(.rel.dyn)
 *(.init)
 *(.plt)
 *(.text .stub .text.* .gnu.linkonce.t.*)
 .text          0x010001b8       0x4c ../e1_3_bsp//obj/HAL/src/crt0.o
                0x010001b8                _start
 .text          0x01000204      0x150 obj/default/hello_world.o
                0x01000204                Init_RS232
                0x01000240                putcharRS232
                0x01000298                getcharRS232
                0x010002d8                RS232TestForReceivedData
                0x01000320                main
 .text          0x01000354       0xb4 c:/altera/13.0sp1/nios2eds/bin/gnu/h-i686-mingw32/bin/../lib/gcc/nios2-elf/4.1.2/../../../../nios2-elf/lib\libc.a(lib_a-puts.o)
                0x01000354                _puts_r
                0x010003f4                puts
 .text          0x01000408       0x74 c:/altera/13.0sp1/nios2eds/bin/gnu/h-i686-mingw32/bin/../lib/gcc/nios2-elf/4.1.2/../../../../nios2-elf/lib\libc.a(lib_a-strlen.o)
                0x01000408                strlen
 .text          0x0100047c      0x49c c:/altera/13.0sp1/nios2eds/bin/gnu/h-i686-mingw32/bin/../lib/gcc/nios2-elf/4.1.2/../../../../nios2-elf/lib\libc.a(lib_a-fvwrite.o)
                0x0100047c                __sfvwrite_r
 .text          0x01000918        0x0 c:/altera/13.0sp1/nios2eds/bin/gnu/h-i686-mingw32/bin/../lib/gcc/nios2-elf/4.1.2/../../../../nios2-elf/lib\libc.a(lib_a-impure.o)
 .text          0x01000918      0x740 c:/altera/13.0sp1/nios2eds/bin/gnu/h-i686-mingw32/bin/../lib/gcc/nios2-elf/4.1.2/../../../../nios2-elf/lib\libc.a(lib_a-mallocr.o)
                0x01000918                _malloc_r
 .text          0x01001058       0xe4 c:/altera/13.0sp1/nios2eds/bin/gnu/h-i686-mingw32/bin/../lib/gcc/nios2-elf/4.1.2/../../../../nios2-elf/lib\libc.a(lib_a-memchr.o)
                0x01001058                memchr
 .text          0x0100113c       0xa0 c:/altera/13.0sp1/nios2eds/bin/gnu/h-i686-mingw32/bin/../lib/gcc/nios2-elf/4.1.2/../../../../nios2-elf/lib\libc.a(lib_a-memcpy.o)
                0x0100113c                memcpy
 .text          0x010011dc       0xe0 c:/altera/13.0sp1/nios2eds/bin/gnu/h-i686-mingw32/bin/../lib/gcc/nios2-elf/4.1.2/../../../../nios2-elf/lib\libc.a(lib_a-memmove.o)
                0x010011dc                memmove
 .text          0x010012bc      0x5f4 c:/altera/13.0sp1/nios2eds/bin/gnu/h-i686-mingw32/bin/../lib/gcc/nios2-elf/4.1.2/../../../../nios2-elf/lib\libc.a(lib_a-reallocr.o)
                0x010012bc                _realloc_r
 .text          0x010018b0       0x70 c:/altera/13.0sp1/nios2eds/bin/gnu/h-i686-mingw32/bin/../lib/gcc/nios2-elf/4.1.2/../../../../nios2-elf/lib\libc.a(lib_a-sbrkr.o)
                0x010018b0                _sbrk_r
 .text          0x01001920      0x13c c:/altera/13.0sp1/nios2eds/bin/gnu/h-i686-mingw32/bin/../lib/gcc/nios2-elf/4.1.2/../../../../nios2-elf/lib\libc.a(lib_a-wsetup.o)
                0x01001920                __swsetup_r
 .text          0x01001a5c      0x230 c:/altera/13.0sp1/nios2eds/bin/gnu/h-i686-mingw32/bin/../lib/gcc/nios2-elf/4.1.2/../../../../nios2-elf/lib\libc.a(lib_a-fflush.o)
                0x01001a5c                _fflush_r
                0x01001c58                fflush
 .text          0x01001c8c      0x2c0 c:/altera/13.0sp1/nios2eds/bin/gnu/h-i686-mingw32/bin/../lib/gcc/nios2-elf/4.1.2/../../../../nios2-elf/lib\libc.a(lib_a-findfp.o)
                0x01001ce4                __sfp_lock_acquire
                0x01001ce8                __sfp_lock_release
                0x01001cec                __sinit_lock_acquire
                0x01001cf0                __sinit_lock_release
                0x01001cf4                __sinit
                0x01001da8                __fp_unlock_all
                0x01001dc0                __fp_lock_all
                0x01001dd8                _cleanup_r
                0x01001de4                _cleanup
                0x01001df4                __sfmoreglue
                0x01001e5c                __sfp
 .text          0x01001f4c      0x440 c:/altera/13.0sp1/nios2eds/bin/gnu/h-i686-mingw32/bin/../lib/gcc/nios2-elf/4.1.2/../../../../nios2-elf/lib\libc.a(lib_a-freer.o)
                0x01001f4c                _malloc_trim_r
                0x01002078                _free_r
 .text          0x0100238c      0x180 c:/altera/13.0sp1/nios2eds/bin/gnu/h-i686-mingw32/bin/../lib/gcc/nios2-elf/4.1.2/../../../../nios2-elf/lib\libc.a(lib_a-fwalk.o)
                0x0100238c                _fwalk_reent
                0x01002454                _fwalk
 .text          0x0100250c        0x0 c:/altera/13.0sp1/nios2eds/bin/gnu/h-i686-mingw32/bin/../lib/gcc/nios2-elf/4.1.2/../../../../nios2-elf/lib\libc.a(lib_a-int_errno.o)
 .text          0x0100250c      0x194 c:/altera/13.0sp1/nios2eds/bin/gnu/h-i686-mingw32/bin/../lib/gcc/nios2-elf/4.1.2/../../../../nios2-elf/lib\libc.a(lib_a-makebuf.o)
                0x0100250c                __smakebuf_r
 .text          0x010026a0       0x98 c:/altera/13.0sp1/nios2eds/bin/gnu/h-i686-mingw32/bin/../lib/gcc/nios2-elf/4.1.2/../../../../nios2-elf/lib\libc.a(lib_a-memset.o)
                0x010026a0                memset
 .text          0x01002738      0x14c c:/altera/13.0sp1/nios2eds/bin/gnu/h-i686-mingw32/bin/../lib/gcc/nios2-elf/4.1.2/../../../../nios2-elf/lib\libc.a(lib_a-stdio.o)
                0x01002738                __sclose
                0x01002740                __sseek
                0x010027a8                __swrite
                0x01002824                __sread
 .text          0x01002884       0x78 c:/altera/13.0sp1/nios2eds/bin/gnu/h-i686-mingw32/bin/../lib/gcc/nios2-elf/4.1.2/../../../../nios2-elf/lib\libc.a(lib_a-writer.o)
                0x01002884                _write_r
 .text          0x010028fc       0x70 c:/altera/13.0sp1/nios2eds/bin/gnu/h-i686-mingw32/bin/../lib/gcc/nios2-elf/4.1.2/../../../../nios2-elf/lib\libc.a(lib_a-closer.o)
                0x010028fc                _close_r
 .text          0x0100296c      0x124 c:/altera/13.0sp1/nios2eds/bin/gnu/h-i686-mingw32/bin/../lib/gcc/nios2-elf/4.1.2/../../../../nios2-elf/lib\libc.a(lib_a-fclose.o)
                0x0100296c                _fclose_r
                0x01002a7c                fclose
 .text          0x01002a90       0x74 c:/altera/13.0sp1/nios2eds/bin/gnu/h-i686-mingw32/bin/../lib/gcc/nios2-elf/4.1.2/../../../../nios2-elf/lib\libc.a(lib_a-fstatr.o)
                0x01002a90                _fstat_r
 .text          0x01002b04       0x70 c:/altera/13.0sp1/nios2eds/bin/gnu/h-i686-mingw32/bin/../lib/gcc/nios2-elf/4.1.2/../../../../nios2-elf/lib\libc.a(lib_a-isattyr.o)
                0x01002b04                _isatty_r
 .text          0x01002b74       0x78 c:/altera/13.0sp1/nios2eds/bin/gnu/h-i686-mingw32/bin/../lib/gcc/nios2-elf/4.1.2/../../../../nios2-elf/lib\libc.a(lib_a-lseekr.o)
                0x01002b74                _lseek_r
 .text          0x01002bec       0x78 c:/altera/13.0sp1/nios2eds/bin/gnu/h-i686-mingw32/bin/../lib/gcc/nios2-elf/4.1.2/../../../../nios2-elf/lib\libc.a(lib_a-readr.o)
                0x01002bec                _read_r
 .text          0x01002c64      0x15c ../e1_3_bsp/\libhal_bsp.a(alt_close.o)
                0x01002c64                close
 .text          0x01002dc0       0x2c ../e1_3_bsp/\libhal_bsp.a(alt_dev.o)
 .text          0x01002dec        0x0 ../e1_3_bsp/\libhal_bsp.a(alt_errno.o)
 .text          0x01002dec      0x134 ../e1_3_bsp/\libhal_bsp.a(alt_fstat.o)
                0x01002dec                fstat
 .text          0x01002f20      0x120 ../e1_3_bsp/\libhal_bsp.a(alt_isatty.o)
                0x01002f20                isatty
 .text          0x01003040       0xec ../e1_3_bsp/\libhal_bsp.a(alt_load.o)
                0x01003040                alt_load
 .text          0x0100312c      0x150 ../e1_3_bsp/\libhal_bsp.a(alt_lseek.o)
                0x0100312c                lseek
 .text          0x0100327c       0x6c ../e1_3_bsp/\libhal_bsp.a(alt_main.o)
                0x0100327c                alt_main
 .text          0x010032e8       0x40 ../e1_3_bsp/\libhal_bsp.a(alt_malloc_lock.o)
                0x010032e8                __malloc_lock
                0x01003308                __malloc_unlock
 .text          0x01003328      0x180 ../e1_3_bsp/\libhal_bsp.a(alt_read.o)
                0x01003328                read
 .text          0x010034a8       0x60 ../e1_3_bsp/\libhal_bsp.a(alt_release_fd.o)
                0x010034a8                alt_release_fd
 .text          0x01003508       0xbc ../e1_3_bsp/\libhal_bsp.a(alt_sbrk.o)
                0x01003508                sbrk
 .text          0x010035c4      0x180 ../e1_3_bsp/\libhal_bsp.a(alt_write.o)
                0x010035c4                write
 .text          0x01003744       0xe8 ../e1_3_bsp/\libhal_bsp.a(alt_sys_init.o)
                0x01003744                alt_irq_init
                0x01003778                alt_sys_init
 .text          0x0100382c      0x148 ../e1_3_bsp/\libhal_bsp.a(altera_avalon_jtag_uart_fd.o)
                0x0100382c                altera_avalon_jtag_uart_read_fd
                0x01003884                altera_avalon_jtag_uart_write_fd
                0x010038dc                altera_avalon_jtag_uart_close_fd
                0x01003924                altera_avalon_jtag_uart_ioctl_fd
 .text          0x01003974      0x408 ../e1_3_bsp/\libhal_bsp.a(altera_avalon_jtag_uart_init.o)
                0x01003974                altera_avalon_jtag_uart_init
                0x01003d08                altera_avalon_jtag_uart_close
 .text          0x01003d7c       0xf4 ../e1_3_bsp/\libhal_bsp.a(altera_avalon_jtag_uart_ioctl.o)
                0x01003d7c                altera_avalon_jtag_uart_ioctl
 .text          0x01003e70      0x224 ../e1_3_bsp/\libhal_bsp.a(altera_avalon_jtag_uart_read.o)
                0x01003e70                altera_avalon_jtag_uart_read
 .text          0x01004094      0x240 ../e1_3_bsp/\libhal_bsp.a(altera_avalon_jtag_uart_write.o)
                0x01004094                altera_avalon_jtag_uart_write
 .text          0x010042d4       0xfc ../e1_3_bsp/\libhal_bsp.a(altera_avalon_timer_sc.o)
                0x01004348                alt_avalon_timer_sc_init
 .text          0x010043d0      0x530 ../e1_3_bsp/\libhal_bsp.a(altera_up_avalon_character_lcd.o)
                0x010043d0                get_DDRAM_addr
                0x0100444c                alt_up_character_lcd_send_cmd
                0x01004480                alt_up_character_lcd_init
                0x010044b4                alt_up_character_lcd_open_dev
                0x010044f4                alt_up_character_lcd_write
                0x0100456c                alt_up_character_lcd_string
                0x010045e4                alt_up_character_lcd_write_fd
                0x01004630                alt_up_character_lcd_set_cursor_pos
                0x010046a8                alt_up_character_lcd_shift_cursor
                0x01004758                alt_up_character_lcd_shift_display
                0x01004808                alt_up_character_lcd_erase_pos
                0x01004898                alt_up_character_lcd_cursor_off
                0x010048cc                alt_up_character_lcd_cursor_blink_on
 .text          0x01004900      0x398 ../e1_3_bsp/\libhal_bsp.a(altera_up_avalon_rs232.o)
                0x01004900                alt_up_rs232_enable_read_interrupt
                0x01004954                alt_up_rs232_disable_read_interrupt
                0x010049ac                alt_up_rs232_get_used_space_in_read_FIFO
                0x010049e8                alt_up_rs232_get_available_space_in_write_FIFO
                0x01004a28                alt_up_rs232_check_parity
                0x01004a78                alt_up_rs232_write_data
                0x01004ac0                alt_up_rs232_read_data
                0x01004b34                alt_up_rs232_read_fd
                0x01004bc4                alt_up_rs232_write_fd
                0x01004c58                alt_up_rs232_open_dev
 .text          0x01004c98      0x154 ../e1_3_bsp/\libhal_bsp.a(alt_alarm_start.o)
                0x01004c98                alt_alarm_start
 .text          0x01004dec       0x44 ../e1_3_bsp/\libhal_bsp.a(alt_dcache_flush_all.o)
                0x01004dec                alt_dcache_flush_all
 .text          0x01004e30      0x114 ../e1_3_bsp/\libhal_bsp.a(alt_dev_llist_insert.o)
                0x01004e30                alt_dev_llist_insert
 .text          0x01004f44       0x64 ../e1_3_bsp/\libhal_bsp.a(alt_do_ctors.o)
                0x01004f44                _do_ctors
 .text          0x01004fa8       0x64 ../e1_3_bsp/\libhal_bsp.a(alt_do_dtors.o)
                0x01004fa8                _do_dtors
 .text          0x0100500c       0x94 ../e1_3_bsp/\libhal_bsp.a(alt_find_dev.o)
                0x0100500c                alt_find_dev
 .text          0x010050a0       0x30 ../e1_3_bsp/\libhal_bsp.a(alt_icache_flush_all.o)
                0x010050a0                alt_icache_flush_all
 .text          0x010050d0      0x13c ../e1_3_bsp/\libhal_bsp.a(alt_io_redirect.o)
                0x01005194                alt_io_redirect
 .text          0x0100520c      0x1c0 ../e1_3_bsp/\libhal_bsp.a(alt_irq_register.o)
                0x0100520c                alt_irq_register
 .text          0x010053cc        0x0 ../e1_3_bsp/\libhal_bsp.a(alt_irq_vars.o)
 .text          0x010053cc      0x2c4 ../e1_3_bsp/\libhal_bsp.a(alt_open.o)
                0x010054a8                open
 .text          0x01005690      0x1a4 ../e1_3_bsp/\libhal_bsp.a(alt_tick.o)
                0x01005690                alt_alarm_stop
                0x01005728                alt_tick
 .text          0x01005834       0x20 ../e1_3_bsp/\libhal_bsp.a(altera_nios2_qsys_irq.o)
                0x01005834                altera_nios2_qsys_irq_init
 .text          0x01005854      0x120 ../e1_3_bsp/\libhal_bsp.a(alt_find_file.o)
                0x01005854                alt_find_file
 .text          0x01005974       0xb8 ../e1_3_bsp/\libhal_bsp.a(alt_get_fd.o)
                0x01005974                alt_get_fd
 .text          0x01005a2c       0x90 ../e1_3_bsp/\libhal_bsp.a(alt_icache_flush.o)
                0x01005a2c                alt_icache_flush
 .text          0x01005abc        0x0 ../e1_3_bsp/\libhal_bsp.a(alt_irq_entry.o)
 .text          0x01005abc        0x0 ../e1_3_bsp/\libhal_bsp.a(alt_irq_handler.o)
 .text          0x01005abc        0x0 ../e1_3_bsp/\libhal_bsp.a(alt_exception_entry.o)
 .text          0x01005abc       0x14 c:/altera/13.0sp1/nios2eds/bin/gnu/h-i686-mingw32/bin/../lib/gcc/nios2-elf/4.1.2/../../../../nios2-elf/lib\libc.a(lib_a-atexit.o)
                0x01005abc                atexit
 .text          0x01005ad0       0x38 c:/altera/13.0sp1/nios2eds/bin/gnu/h-i686-mingw32/bin/../lib/gcc/nios2-elf/4.1.2/../../../../nios2-elf/lib\libc.a(lib_a-exit.o)
                0x01005ad0                exit
 .text          0x01005b08       0x74 c:/altera/13.0sp1/nios2eds/bin/gnu/h-i686-mingw32/bin/../lib/gcc/nios2-elf/4.1.2/../../../../nios2-elf/lib\libc.a(lib_a-memcmp.o)
                0x01005b08                memcmp
 .text          0x01005b7c      0x134 c:/altera/13.0sp1/nios2eds/bin/gnu/h-i686-mingw32/bin/../lib/gcc/nios2-elf/4.1.2/../../../../nios2-elf/lib\libc.a(lib_a-__atexit.o)
                0x01005b7c                __register_exitproc
 .text          0x01005cb0      0x1b4 c:/altera/13.0sp1/nios2eds/bin/gnu/h-i686-mingw32/bin/../lib/gcc/nios2-elf/4.1.2/../../../../nios2-elf/lib\libc.a(lib_a-__call_atexit.o)
                0x01005cb4                __call_exitprocs
 .text          0x01005e64       0x60 ../e1_3_bsp/\libhal_bsp.a(alt_exit.o)
                0x01005ea4                _exit
 *(.gnu.warning.*)
 *(.fini)
                0x01005ec4                PROVIDE (__etext, ABSOLUTE (.))
                0x01005ec4                PROVIDE (_etext, ABSOLUTE (.))
                0x01005ec4                PROVIDE (etext, ABSOLUTE (.))
 *(.eh_frame_hdr)
                0x01005ec4                . = ALIGN (0x4)
                0x01005ec4                PROVIDE (__preinit_array_start, ABSOLUTE (.))
 *(.preinit_array)
                0x01005ec4                PROVIDE (__preinit_array_end, ABSOLUTE (.))
                0x01005ec4                PROVIDE (__init_array_start, ABSOLUTE (.))
 *(.init_array)
                0x01005ec4                PROVIDE (__init_array_end, ABSOLUTE (.))
                0x01005ec4                PROVIDE (__fini_array_start, ABSOLUTE (.))
 *(.fini_array)
                0x01005ec4                PROVIDE (__fini_array_end, ABSOLUTE (.))
 *(.eh_frame)
 *(.gcc_except_table)
 *(.dynamic)
                0x01005ec4                PROVIDE (__CTOR_LIST__, ABSOLUTE (.))
 *(.ctors)
 *(SORT(.ctors.*))
 .ctors.65535   0x01005ec4        0x4 c:/altera/13.0sp1/nios2eds/bin/gnu/h-i686-mingw32/bin/../lib/gcc/nios2-elf/4.1.2/../../../../nios2-elf/lib\libc.a(lib_a-__call_atexit.o)
                0x01005ec8                PROVIDE (__CTOR_END__, ABSOLUTE (.))
                0x01005ec8                PROVIDE (__DTOR_LIST__, ABSOLUTE (.))
 *(.dtors)
 *(SORT(.dtors.*))
                0x01005ec8                PROVIDE (__DTOR_END__, ABSOLUTE (.))
 *(.jcr)
                0x01005ec8                . = ALIGN (0x4)

.rodata         0x01005ec8       0x78
                0x01005ec8                PROVIDE (__ram_rodata_start, ABSOLUTE (.))
                0x01005ec8                . = ALIGN (0x4)
 *(.rodata .rodata.* .gnu.linkonce.r.*)
 .rodata        0x01005ec8       0x14 obj/default/hello_world.o
 .rodata.str1.4
                0x01005edc        0x2 c:/altera/13.0sp1/nios2eds/bin/gnu/h-i686-mingw32/bin/../lib/gcc/nios2-elf/4.1.2/../../../../nios2-elf/lib\libc.a(lib_a-puts.o)
                                  0x4 (size before relaxing)
 *fill*         0x01005ede        0x2 00
 .rodata.str1.4
                0x01005ee0        0x4 c:/altera/13.0sp1/nios2eds/bin/gnu/h-i686-mingw32/bin/../lib/gcc/nios2-elf/4.1.2/../../../../nios2-elf/lib\libc.a(lib_a-impure.o)
 .rodata        0x01005ee4        0xc ../e1_3_bsp/\libhal_bsp.a(alt_dev.o)
 .rodata        0x01005ef0       0x14 ../e1_3_bsp/\libhal_bsp.a(alt_main.o)
 .rodata        0x01005f04       0x3c ../e1_3_bsp/\libhal_bsp.a(alt_sys_init.o)
 *(.rodata1)
                0x01005f40                . = ALIGN (0x4)
                0x01005f40                PROVIDE (__ram_rodata_end, ABSOLUTE (.))
                0x01005ec8                PROVIDE (__flash_rodata_start, LOADADDR (.rodata))

.rwdata         0x01005f40     0x1aa0 load address 0x010079e0
                0x01005f40                PROVIDE (__ram_rwdata_start, ABSOLUTE (.))
                0x01005f40                . = ALIGN (0x4)
 *(.got.plt)
 *(.got)
 *(.data1)
 *(.data .data.* .gnu.linkonce.d.*)
 .data          0x01005f40        0x0 ../e1_3_bsp//obj/HAL/src/crt0.o
 .data          0x01005f40        0x0 obj/default/hello_world.o
 .data          0x01005f40        0x0 c:/altera/13.0sp1/nios2eds/bin/gnu/h-i686-mingw32/bin/../lib/gcc/nios2-elf/4.1.2/../../../../nios2-elf/lib\libc.a(lib_a-puts.o)
 .data          0x01005f40        0x0 c:/altera/13.0sp1/nios2eds/bin/gnu/h-i686-mingw32/bin/../lib/gcc/nios2-elf/4.1.2/../../../../nios2-elf/lib\libc.a(lib_a-strlen.o)
 .data          0x01005f40        0x0 c:/altera/13.0sp1/nios2eds/bin/gnu/h-i686-mingw32/bin/../lib/gcc/nios2-elf/4.1.2/../../../../nios2-elf/lib\libc.a(lib_a-fvwrite.o)
 .data          0x01005f40      0x400 c:/altera/13.0sp1/nios2eds/bin/gnu/h-i686-mingw32/bin/../lib/gcc/nios2-elf/4.1.2/../../../../nios2-elf/lib\libc.a(lib_a-impure.o)
 .data          0x01006340      0x408 c:/altera/13.0sp1/nios2eds/bin/gnu/h-i686-mingw32/bin/../lib/gcc/nios2-elf/4.1.2/../../../../nios2-elf/lib\libc.a(lib_a-mallocr.o)
                0x01006340                __malloc_av_
 .data          0x01006748        0x0 c:/altera/13.0sp1/nios2eds/bin/gnu/h-i686-mingw32/bin/../lib/gcc/nios2-elf/4.1.2/../../../../nios2-elf/lib\libc.a(lib_a-memchr.o)
 .data          0x01006748        0x0 c:/altera/13.0sp1/nios2eds/bin/gnu/h-i686-mingw32/bin/../lib/gcc/nios2-elf/4.1.2/../../../../nios2-elf/lib\libc.a(lib_a-memcpy.o)
 .data          0x01006748        0x0 c:/altera/13.0sp1/nios2eds/bin/gnu/h-i686-mingw32/bin/../lib/gcc/nios2-elf/4.1.2/../../../../nios2-elf/lib\libc.a(lib_a-memmove.o)
 .data          0x01006748        0x0 c:/altera/13.0sp1/nios2eds/bin/gnu/h-i686-mingw32/bin/../lib/gcc/nios2-elf/4.1.2/../../../../nios2-elf/lib\libc.a(lib_a-reallocr.o)
 .data          0x01006748        0x0 c:/altera/13.0sp1/nios2eds/bin/gnu/h-i686-mingw32/bin/../lib/gcc/nios2-elf/4.1.2/../../../../nios2-elf/lib\libc.a(lib_a-sbrkr.o)
 .data          0x01006748        0x0 c:/altera/13.0sp1/nios2eds/bin/gnu/h-i686-mingw32/bin/../lib/gcc/nios2-elf/4.1.2/../../../../nios2-elf/lib\libc.a(lib_a-wsetup.o)
 .data          0x01006748        0x0 c:/altera/13.0sp1/nios2eds/bin/gnu/h-i686-mingw32/bin/../lib/gcc/nios2-elf/4.1.2/../../../../nios2-elf/lib\libc.a(lib_a-fflush.o)
 .data          0x01006748        0x0 c:/altera/13.0sp1/nios2eds/bin/gnu/h-i686-mingw32/bin/../lib/gcc/nios2-elf/4.1.2/../../../../nios2-elf/lib\libc.a(lib_a-findfp.o)
 .data          0x01006748        0x0 c:/altera/13.0sp1/nios2eds/bin/gnu/h-i686-mingw32/bin/../lib/gcc/nios2-elf/4.1.2/../../../../nios2-elf/lib\libc.a(lib_a-freer.o)
 .data          0x01006748        0x0 c:/altera/13.0sp1/nios2eds/bin/gnu/h-i686-mingw32/bin/../lib/gcc/nios2-elf/4.1.2/../../../../nios2-elf/lib\libc.a(lib_a-fwalk.o)
 .data          0x01006748        0x0 c:/altera/13.0sp1/nios2eds/bin/gnu/h-i686-mingw32/bin/../lib/gcc/nios2-elf/4.1.2/../../../../nios2-elf/lib\libc.a(lib_a-int_errno.o)
 .data          0x01006748        0x0 c:/altera/13.0sp1/nios2eds/bin/gnu/h-i686-mingw32/bin/../lib/gcc/nios2-elf/4.1.2/../../../../nios2-elf/lib\libc.a(lib_a-makebuf.o)
 .data          0x01006748        0x0 c:/altera/13.0sp1/nios2eds/bin/gnu/h-i686-mingw32/bin/../lib/gcc/nios2-elf/4.1.2/../../../../nios2-elf/lib\libc.a(lib_a-memset.o)
 .data          0x01006748        0x0 c:/altera/13.0sp1/nios2eds/bin/gnu/h-i686-mingw32/bin/../lib/gcc/nios2-elf/4.1.2/../../../../nios2-elf/lib\libc.a(lib_a-stdio.o)
 .data          0x01006748        0x0 c:/altera/13.0sp1/nios2eds/bin/gnu/h-i686-mingw32/bin/../lib/gcc/nios2-elf/4.1.2/../../../../nios2-elf/lib\libc.a(lib_a-writer.o)
 .data          0x01006748        0x0 c:/altera/13.0sp1/nios2eds/bin/gnu/h-i686-mingw32/bin/../lib/gcc/nios2-elf/4.1.2/../../../../nios2-elf/lib\libc.a(lib_a-closer.o)
 .data          0x01006748        0x0 c:/altera/13.0sp1/nios2eds/bin/gnu/h-i686-mingw32/bin/../lib/gcc/nios2-elf/4.1.2/../../../../nios2-elf/lib\libc.a(lib_a-fclose.o)
 .data          0x01006748        0x0 c:/altera/13.0sp1/nios2eds/bin/gnu/h-i686-mingw32/bin/../lib/gcc/nios2-elf/4.1.2/../../../../nios2-elf/lib\libc.a(lib_a-fstatr.o)
 .data          0x01006748        0x0 c:/altera/13.0sp1/nios2eds/bin/gnu/h-i686-mingw32/bin/../lib/gcc/nios2-elf/4.1.2/../../../../nios2-elf/lib\libc.a(lib_a-isattyr.o)
 .data          0x01006748        0x0 c:/altera/13.0sp1/nios2eds/bin/gnu/h-i686-mingw32/bin/../lib/gcc/nios2-elf/4.1.2/../../../../nios2-elf/lib\libc.a(lib_a-lseekr.o)
 .data          0x01006748        0x0 c:/altera/13.0sp1/nios2eds/bin/gnu/h-i686-mingw32/bin/../lib/gcc/nios2-elf/4.1.2/../../../../nios2-elf/lib\libc.a(lib_a-readr.o)
 .data          0x01006748        0x0 ../e1_3_bsp/\libhal_bsp.a(alt_close.o)
 .data          0x01006748      0x1a8 ../e1_3_bsp/\libhal_bsp.a(alt_dev.o)
                0x01006748                alt_dev_null
                0x01006770                alt_fd_list
 .data          0x010068f0        0x0 ../e1_3_bsp/\libhal_bsp.a(alt_errno.o)
 .data          0x010068f0        0x0 ../e1_3_bsp/\libhal_bsp.a(alt_fstat.o)
 .data          0x010068f0        0x0 ../e1_3_bsp/\libhal_bsp.a(alt_isatty.o)
 .data          0x010068f0        0x0 ../e1_3_bsp/\libhal_bsp.a(alt_load.o)
 .data          0x010068f0        0x0 ../e1_3_bsp/\libhal_bsp.a(alt_lseek.o)
 .data          0x010068f0        0x0 ../e1_3_bsp/\libhal_bsp.a(alt_main.o)
 .data          0x010068f0        0x0 ../e1_3_bsp/\libhal_bsp.a(alt_malloc_lock.o)
 .data          0x010068f0        0x0 ../e1_3_bsp/\libhal_bsp.a(alt_read.o)
 .data          0x010068f0        0x0 ../e1_3_bsp/\libhal_bsp.a(alt_release_fd.o)
 .data          0x010068f0        0x0 ../e1_3_bsp/\libhal_bsp.a(alt_sbrk.o)
 .data          0x010068f0        0x0 ../e1_3_bsp/\libhal_bsp.a(alt_write.o)
 .data          0x010068f0     0x10b8 ../e1_3_bsp/\libhal_bsp.a(alt_sys_init.o)
 .data          0x010079a8        0x0 ../e1_3_bsp/\libhal_bsp.a(altera_avalon_jtag_uart_fd.o)
 .data          0x010079a8        0x0 ../e1_3_bsp/\libhal_bsp.a(altera_avalon_jtag_uart_init.o)
 .data          0x010079a8        0x0 ../e1_3_bsp/\libhal_bsp.a(altera_avalon_jtag_uart_ioctl.o)
 .data          0x010079a8        0x0 ../e1_3_bsp/\libhal_bsp.a(altera_avalon_jtag_uart_read.o)
 .data          0x010079a8        0x0 ../e1_3_bsp/\libhal_bsp.a(altera_avalon_jtag_uart_write.o)
 .data          0x010079a8        0x0 ../e1_3_bsp/\libhal_bsp.a(altera_avalon_timer_sc.o)
 .data          0x010079a8        0x0 ../e1_3_bsp/\libhal_bsp.a(altera_up_avalon_character_lcd.o)
 .data          0x010079a8        0x0 ../e1_3_bsp/\libhal_bsp.a(altera_up_avalon_rs232.o)
 .data          0x010079a8        0x0 ../e1_3_bsp/\libhal_bsp.a(alt_alarm_start.o)
 .data          0x010079a8        0x0 ../e1_3_bsp/\libhal_bsp.a(alt_dcache_flush_all.o)
 .data          0x010079a8        0x0 ../e1_3_bsp/\libhal_bsp.a(alt_dev_llist_insert.o)
 .data          0x010079a8        0x0 ../e1_3_bsp/\libhal_bsp.a(alt_do_ctors.o)
 .data          0x010079a8        0x0 ../e1_3_bsp/\libhal_bsp.a(alt_do_dtors.o)
 .data          0x010079a8        0x0 ../e1_3_bsp/\libhal_bsp.a(alt_find_dev.o)
 .data          0x010079a8        0x0 ../e1_3_bsp/\libhal_bsp.a(alt_icache_flush_all.o)
 .data          0x010079a8        0x0 ../e1_3_bsp/\libhal_bsp.a(alt_io_redirect.o)
 .data          0x010079a8        0x0 ../e1_3_bsp/\libhal_bsp.a(alt_irq_register.o)
 .data          0x010079a8        0x0 ../e1_3_bsp/\libhal_bsp.a(alt_irq_vars.o)
 .data          0x010079a8        0x0 ../e1_3_bsp/\libhal_bsp.a(alt_open.o)
 .data          0x010079a8        0x0 ../e1_3_bsp/\libhal_bsp.a(alt_tick.o)
 .data          0x010079a8        0x0 ../e1_3_bsp/\libhal_bsp.a(altera_nios2_qsys_irq.o)
 .data          0x010079a8        0x0 ../e1_3_bsp/\libhal_bsp.a(alt_find_file.o)
 .data          0x010079a8        0x0 ../e1_3_bsp/\libhal_bsp.a(alt_get_fd.o)
 .data          0x010079a8        0x0 ../e1_3_bsp/\libhal_bsp.a(alt_icache_flush.o)
 .data          0x010079a8        0x0 ../e1_3_bsp/\libhal_bsp.a(alt_irq_entry.o)
 .data          0x010079a8        0x0 ../e1_3_bsp/\libhal_bsp.a(alt_irq_handler.o)
 .data          0x010079a8        0x0 ../e1_3_bsp/\libhal_bsp.a(alt_exception_entry.o)
 .data          0x010079a8        0x0 c:/altera/13.0sp1/nios2eds/bin/gnu/h-i686-mingw32/bin/../lib/gcc/nios2-elf/4.1.2/../../../../nios2-elf/lib\libc.a(lib_a-atexit.o)
 .data          0x010079a8        0x0 c:/altera/13.0sp1/nios2eds/bin/gnu/h-i686-mingw32/bin/../lib/gcc/nios2-elf/4.1.2/../../../../nios2-elf/lib\libc.a(lib_a-exit.o)
 .data          0x010079a8        0x0 c:/altera/13.0sp1/nios2eds/bin/gnu/h-i686-mingw32/bin/../lib/gcc/nios2-elf/4.1.2/../../../../nios2-elf/lib\libc.a(lib_a-memcmp.o)
 .data          0x010079a8        0x0 c:/altera/13.0sp1/nios2eds/bin/gnu/h-i686-mingw32/bin/../lib/gcc/nios2-elf/4.1.2/../../../../nios2-elf/lib\libc.a(lib_a-__atexit.o)
 .data          0x010079a8        0x0 c:/altera/13.0sp1/nios2eds/bin/gnu/h-i686-mingw32/bin/../lib/gcc/nios2-elf/4.1.2/../../../../nios2-elf/lib\libc.a(lib_a-__call_atexit.o)
 .data          0x010079a8        0x0 ../e1_3_bsp/\libhal_bsp.a(alt_exit.o)
                0x0100f9a8                _gp = ABSOLUTE ((. + 0x8000))
                0x0100f9a8                PROVIDE (gp, _gp)
 *(.rwdata .rwdata.*)
 *(.sdata .sdata.* .gnu.linkonce.s.*)
 .sdata         0x010079a8        0x8 c:/altera/13.0sp1/nios2eds/bin/gnu/h-i686-mingw32/bin/../lib/gcc/nios2-elf/4.1.2/../../../../nios2-elf/lib\libc.a(lib_a-impure.o)
                0x010079a8                _impure_ptr
                0x010079ac                _global_impure_ptr
 .sdata         0x010079b0        0x8 c:/altera/13.0sp1/nios2eds/bin/gnu/h-i686-mingw32/bin/../lib/gcc/nios2-elf/4.1.2/../../../../nios2-elf/lib\libc.a(lib_a-mallocr.o)
                0x010079b0                __malloc_trim_threshold
                0x010079b4                __malloc_sbrk_base
 .sdata         0x010079b8       0x14 ../e1_3_bsp/\libhal_bsp.a(alt_dev.o)
                0x010079b8                alt_fs_list
                0x010079c0                alt_dev_list
                0x010079c8                alt_max_fd
 .sdata         0x010079cc        0x4 ../e1_3_bsp/\libhal_bsp.a(alt_errno.o)
                0x010079cc                alt_errno
 .sdata         0x010079d0        0x4 ../e1_3_bsp/\libhal_bsp.a(alt_sbrk.o)
 .sdata         0x010079d4        0x4 ../e1_3_bsp/\libhal_bsp.a(alt_irq_vars.o)
                0x010079d4                alt_priority_mask
 .sdata         0x010079d8        0x8 ../e1_3_bsp/\libhal_bsp.a(alt_tick.o)
                0x010079d8                alt_alarm_list
 *(.sdata2 .sdata2.* .gnu.linkonce.s2.*)
                0x010079e0                . = ALIGN (0x4)
                0x010079e0                _edata = ABSOLUTE (.)
                0x010079e0                PROVIDE (edata, ABSOLUTE (.))
                0x010079e0                PROVIDE (__ram_rwdata_end, ABSOLUTE (.))
                0x010079e0                PROVIDE (__flash_rwdata_start, LOADADDR (.rwdata))

.bss            0x01009480      0x2e0
                0x01009480                __bss_start = ABSOLUTE (.)
                0x01009480                PROVIDE (__sbss_start, ABSOLUTE (.))
                0x01009480                PROVIDE (___sbss_start, ABSOLUTE (.))
 *(.dynsbss)
 *(.sbss .sbss.* .gnu.linkonce.sb.*)
 .sbss          0x01009480        0xc c:/altera/13.0sp1/nios2eds/bin/gnu/h-i686-mingw32/bin/../lib/gcc/nios2-elf/4.1.2/../../../../nios2-elf/lib\libc.a(lib_a-mallocr.o)
                0x01009480                __malloc_top_pad
                0x01009484                __malloc_max_sbrked_mem
                0x01009488                __malloc_max_total_mem
 .sbss          0x0100948c        0x4 c:/altera/13.0sp1/nios2eds/bin/gnu/h-i686-mingw32/bin/../lib/gcc/nios2-elf/4.1.2/../../../../nios2-elf/lib\libc.a(lib_a-int_errno.o)
                0x0100948c                errno
 .sbss          0x01009490        0xc ../e1_3_bsp/\libhal_bsp.a(alt_main.o)
                0x01009490                alt_argc
                0x01009494                alt_argv
                0x01009498                alt_envp
 .sbss          0x0100949c        0x4 ../e1_3_bsp/\libhal_bsp.a(alt_irq_vars.o)
                0x0100949c                alt_irq_active
 .sbss          0x010094a0        0x8 ../e1_3_bsp/\libhal_bsp.a(alt_tick.o)
                0x010094a0                _alt_tick_rate
                0x010094a4                _alt_nticks
 *(.sbss2 .sbss2.* .gnu.linkonce.sb2.*)
 *(.scommon)
                0x010094a8                PROVIDE (__sbss_end, ABSOLUTE (.))
                0x010094a8                PROVIDE (___sbss_end, ABSOLUTE (.))
 *(.dynbss)
 *(.bss .bss.* .gnu.linkonce.b.*)
 .bss           0x010094a8        0x0 ../e1_3_bsp//obj/HAL/src/crt0.o
 .bss           0x010094a8        0x0 obj/default/hello_world.o
 .bss           0x010094a8        0x0 c:/altera/13.0sp1/nios2eds/bin/gnu/h-i686-mingw32/bin/../lib/gcc/nios2-elf/4.1.2/../../../../nios2-elf/lib\libc.a(lib_a-puts.o)
 .bss           0x010094a8        0x0 c:/altera/13.0sp1/nios2eds/bin/gnu/h-i686-mingw32/bin/../lib/gcc/nios2-elf/4.1.2/../../../../nios2-elf/lib\libc.a(lib_a-strlen.o)
 .bss           0x010094a8        0x0 c:/altera/13.0sp1/nios2eds/bin/gnu/h-i686-mingw32/bin/../lib/gcc/nios2-elf/4.1.2/../../../../nios2-elf/lib\libc.a(lib_a-fvwrite.o)
 .bss           0x010094a8        0x0 c:/altera/13.0sp1/nios2eds/bin/gnu/h-i686-mingw32/bin/../lib/gcc/nios2-elf/4.1.2/../../../../nios2-elf/lib\libc.a(lib_a-impure.o)
 .bss           0x010094a8       0x28 c:/altera/13.0sp1/nios2eds/bin/gnu/h-i686-mingw32/bin/../lib/gcc/nios2-elf/4.1.2/../../../../nios2-elf/lib\libc.a(lib_a-mallocr.o)
                0x010094a8                __malloc_current_mallinfo
 .bss           0x010094d0        0x0 c:/altera/13.0sp1/nios2eds/bin/gnu/h-i686-mingw32/bin/../lib/gcc/nios2-elf/4.1.2/../../../../nios2-elf/lib\libc.a(lib_a-memchr.o)
 .bss           0x010094d0        0x0 c:/altera/13.0sp1/nios2eds/bin/gnu/h-i686-mingw32/bin/../lib/gcc/nios2-elf/4.1.2/../../../../nios2-elf/lib\libc.a(lib_a-memcpy.o)
 .bss           0x010094d0        0x0 c:/altera/13.0sp1/nios2eds/bin/gnu/h-i686-mingw32/bin/../lib/gcc/nios2-elf/4.1.2/../../../../nios2-elf/lib\libc.a(lib_a-memmove.o)
 .bss           0x010094d0        0x0 c:/altera/13.0sp1/nios2eds/bin/gnu/h-i686-mingw32/bin/../lib/gcc/nios2-elf/4.1.2/../../../../nios2-elf/lib\libc.a(lib_a-reallocr.o)
 .bss           0x010094d0        0x0 c:/altera/13.0sp1/nios2eds/bin/gnu/h-i686-mingw32/bin/../lib/gcc/nios2-elf/4.1.2/../../../../nios2-elf/lib\libc.a(lib_a-sbrkr.o)
 .bss           0x010094d0        0x0 c:/altera/13.0sp1/nios2eds/bin/gnu/h-i686-mingw32/bin/../lib/gcc/nios2-elf/4.1.2/../../../../nios2-elf/lib\libc.a(lib_a-wsetup.o)
 .bss           0x010094d0        0x0 c:/altera/13.0sp1/nios2eds/bin/gnu/h-i686-mingw32/bin/../lib/gcc/nios2-elf/4.1.2/../../../../nios2-elf/lib\libc.a(lib_a-fflush.o)
 .bss           0x010094d0        0x0 c:/altera/13.0sp1/nios2eds/bin/gnu/h-i686-mingw32/bin/../lib/gcc/nios2-elf/4.1.2/../../../../nios2-elf/lib\libc.a(lib_a-findfp.o)
 .bss           0x010094d0        0x0 c:/altera/13.0sp1/nios2eds/bin/gnu/h-i686-mingw32/bin/../lib/gcc/nios2-elf/4.1.2/../../../../nios2-elf/lib\libc.a(lib_a-freer.o)
 .bss           0x010094d0        0x0 c:/altera/13.0sp1/nios2eds/bin/gnu/h-i686-mingw32/bin/../lib/gcc/nios2-elf/4.1.2/../../../../nios2-elf/lib\libc.a(lib_a-fwalk.o)
 .bss           0x010094d0        0x0 c:/altera/13.0sp1/nios2eds/bin/gnu/h-i686-mingw32/bin/../lib/gcc/nios2-elf/4.1.2/../../../../nios2-elf/lib\libc.a(lib_a-int_errno.o)
 .bss           0x010094d0        0x0 c:/altera/13.0sp1/nios2eds/bin/gnu/h-i686-mingw32/bin/../lib/gcc/nios2-elf/4.1.2/../../../../nios2-elf/lib\libc.a(lib_a-makebuf.o)
 .bss           0x010094d0        0x0 c:/altera/13.0sp1/nios2eds/bin/gnu/h-i686-mingw32/bin/../lib/gcc/nios2-elf/4.1.2/../../../../nios2-elf/lib\libc.a(lib_a-memset.o)
 .bss           0x010094d0        0x0 c:/altera/13.0sp1/nios2eds/bin/gnu/h-i686-mingw32/bin/../lib/gcc/nios2-elf/4.1.2/../../../../nios2-elf/lib\libc.a(lib_a-stdio.o)
 .bss           0x010094d0        0x0 c:/altera/13.0sp1/nios2eds/bin/gnu/h-i686-mingw32/bin/../lib/gcc/nios2-elf/4.1.2/../../../../nios2-elf/lib\libc.a(lib_a-writer.o)
 .bss           0x010094d0        0x0 c:/altera/13.0sp1/nios2eds/bin/gnu/h-i686-mingw32/bin/../lib/gcc/nios2-elf/4.1.2/../../../../nios2-elf/lib\libc.a(lib_a-closer.o)
 .bss           0x010094d0        0x0 c:/altera/13.0sp1/nios2eds/bin/gnu/h-i686-mingw32/bin/../lib/gcc/nios2-elf/4.1.2/../../../../nios2-elf/lib\libc.a(lib_a-fclose.o)
 .bss           0x010094d0        0x0 c:/altera/13.0sp1/nios2eds/bin/gnu/h-i686-mingw32/bin/../lib/gcc/nios2-elf/4.1.2/../../../../nios2-elf/lib\libc.a(lib_a-fstatr.o)
 .bss           0x010094d0        0x0 c:/altera/13.0sp1/nios2eds/bin/gnu/h-i686-mingw32/bin/../lib/gcc/nios2-elf/4.1.2/../../../../nios2-elf/lib\libc.a(lib_a-isattyr.o)
 .bss           0x010094d0        0x0 c:/altera/13.0sp1/nios2eds/bin/gnu/h-i686-mingw32/bin/../lib/gcc/nios2-elf/4.1.2/../../../../nios2-elf/lib\libc.a(lib_a-lseekr.o)
 .bss           0x010094d0        0x0 c:/altera/13.0sp1/nios2eds/bin/gnu/h-i686-mingw32/bin/../lib/gcc/nios2-elf/4.1.2/../../../../nios2-elf/lib\libc.a(lib_a-readr.o)
 .bss           0x010094d0        0x0 ../e1_3_bsp/\libhal_bsp.a(alt_close.o)
 .bss           0x010094d0        0x0 ../e1_3_bsp/\libhal_bsp.a(alt_dev.o)
 .bss           0x010094d0        0x0 ../e1_3_bsp/\libhal_bsp.a(alt_errno.o)
 .bss           0x010094d0        0x0 ../e1_3_bsp/\libhal_bsp.a(alt_fstat.o)
 .bss           0x010094d0        0x0 ../e1_3_bsp/\libhal_bsp.a(alt_isatty.o)
 .bss           0x010094d0        0x0 ../e1_3_bsp/\libhal_bsp.a(alt_load.o)
 .bss           0x010094d0        0x0 ../e1_3_bsp/\libhal_bsp.a(alt_lseek.o)
 .bss           0x010094d0        0x0 ../e1_3_bsp/\libhal_bsp.a(alt_main.o)
 .bss           0x010094d0        0x0 ../e1_3_bsp/\libhal_bsp.a(alt_malloc_lock.o)
 .bss           0x010094d0        0x0 ../e1_3_bsp/\libhal_bsp.a(alt_read.o)
 .bss           0x010094d0        0x0 ../e1_3_bsp/\libhal_bsp.a(alt_release_fd.o)
 .bss           0x010094d0        0x0 ../e1_3_bsp/\libhal_bsp.a(alt_sbrk.o)
 .bss           0x010094d0        0x0 ../e1_3_bsp/\libhal_bsp.a(alt_write.o)
 .bss           0x010094d0        0x0 ../e1_3_bsp/\libhal_bsp.a(alt_sys_init.o)
 .bss           0x010094d0        0x0 ../e1_3_bsp/\libhal_bsp.a(altera_avalon_jtag_uart_fd.o)
 .bss           0x010094d0        0x0 ../e1_3_bsp/\libhal_bsp.a(altera_avalon_jtag_uart_init.o)
 .bss           0x010094d0        0x0 ../e1_3_bsp/\libhal_bsp.a(altera_avalon_jtag_uart_ioctl.o)
 .bss           0x010094d0        0x0 ../e1_3_bsp/\libhal_bsp.a(altera_avalon_jtag_uart_read.o)
 .bss           0x010094d0        0x0 ../e1_3_bsp/\libhal_bsp.a(altera_avalon_jtag_uart_write.o)
 .bss           0x010094d0        0x0 ../e1_3_bsp/\libhal_bsp.a(altera_avalon_timer_sc.o)
 .bss           0x010094d0        0x0 ../e1_3_bsp/\libhal_bsp.a(altera_up_avalon_character_lcd.o)
 .bss           0x010094d0        0x0 ../e1_3_bsp/\libhal_bsp.a(altera_up_avalon_rs232.o)
 .bss           0x010094d0        0x0 ../e1_3_bsp/\libhal_bsp.a(alt_alarm_start.o)
 .bss           0x010094d0        0x0 ../e1_3_bsp/\libhal_bsp.a(alt_dcache_flush_all.o)
 .bss           0x010094d0        0x0 ../e1_3_bsp/\libhal_bsp.a(alt_dev_llist_insert.o)
 .bss           0x010094d0        0x0 ../e1_3_bsp/\libhal_bsp.a(alt_do_ctors.o)
 .bss           0x010094d0        0x0 ../e1_3_bsp/\libhal_bsp.a(alt_do_dtors.o)
 .bss           0x010094d0        0x0 ../e1_3_bsp/\libhal_bsp.a(alt_find_dev.o)
 .bss           0x010094d0        0x0 ../e1_3_bsp/\libhal_bsp.a(alt_icache_flush_all.o)
 .bss           0x010094d0        0x0 ../e1_3_bsp/\libhal_bsp.a(alt_io_redirect.o)
 .bss           0x010094d0        0x0 ../e1_3_bsp/\libhal_bsp.a(alt_irq_register.o)
 .bss           0x010094d0        0x0 ../e1_3_bsp/\libhal_bsp.a(alt_irq_vars.o)
 .bss           0x010094d0        0x0 ../e1_3_bsp/\libhal_bsp.a(alt_open.o)
 .bss           0x010094d0        0x0 ../e1_3_bsp/\libhal_bsp.a(alt_tick.o)
 .bss           0x010094d0        0x0 ../e1_3_bsp/\libhal_bsp.a(altera_nios2_qsys_irq.o)
 .bss           0x010094d0        0x0 ../e1_3_bsp/\libhal_bsp.a(alt_find_file.o)
 .bss           0x010094d0        0x0 ../e1_3_bsp/\libhal_bsp.a(alt_get_fd.o)
 .bss           0x010094d0        0x0 ../e1_3_bsp/\libhal_bsp.a(alt_icache_flush.o)
 .bss           0x010094d0        0x0 ../e1_3_bsp/\libhal_bsp.a(alt_irq_entry.o)
 .bss           0x010094d0        0x0 ../e1_3_bsp/\libhal_bsp.a(alt_irq_handler.o)
 .bss           0x010094d0        0x0 ../e1_3_bsp/\libhal_bsp.a(alt_exception_entry.o)
 .bss           0x010094d0        0x0 c:/altera/13.0sp1/nios2eds/bin/gnu/h-i686-mingw32/bin/../lib/gcc/nios2-elf/4.1.2/../../../../nios2-elf/lib\libc.a(lib_a-atexit.o)
 .bss           0x010094d0        0x0 c:/altera/13.0sp1/nios2eds/bin/gnu/h-i686-mingw32/bin/../lib/gcc/nios2-elf/4.1.2/../../../../nios2-elf/lib\libc.a(lib_a-exit.o)
 .bss           0x010094d0        0x0 c:/altera/13.0sp1/nios2eds/bin/gnu/h-i686-mingw32/bin/../lib/gcc/nios2-elf/4.1.2/../../../../nios2-elf/lib\libc.a(lib_a-memcmp.o)
 .bss           0x010094d0        0x0 c:/altera/13.0sp1/nios2eds/bin/gnu/h-i686-mingw32/bin/../lib/gcc/nios2-elf/4.1.2/../../../../nios2-elf/lib\libc.a(lib_a-__atexit.o)
 .bss           0x010094d0        0x0 c:/altera/13.0sp1/nios2eds/bin/gnu/h-i686-mingw32/bin/../lib/gcc/nios2-elf/4.1.2/../../../../nios2-elf/lib\libc.a(lib_a-__call_atexit.o)
 .bss           0x010094d0        0x0 ../e1_3_bsp/\libhal_bsp.a(alt_exit.o)
 *(COMMON)
 COMMON         0x010094d0      0x100 ../e1_3_bsp/\libhal_bsp.a(alt_irq_handler.o)
                0x010094d0                alt_irq
 COMMON         0x010095d0      0x190 c:/altera/13.0sp1/nios2eds/bin/gnu/h-i686-mingw32/bin/../lib/gcc/nios2-elf/4.1.2/../../../../nios2-elf/lib\libc.a(lib_a-atexit.o)
                0x010095d0                _atexit0
                0x01009760                . = ALIGN (0x4)
                0x01009760                __bss_end = ABSOLUTE (.)

.onchip_memory2_0
                0x00000000        0x0 load address 0x01009760
                0x00000000                PROVIDE (_alt_partition_onchip_memory2_0_start, ABSOLUTE (.))
 *(.onchip_memory2_0. onchip_memory2_0.*)
                0x00000000                . = ALIGN (0x4)
                0x00000000                PROVIDE (_alt_partition_onchip_memory2_0_end, ABSOLUTE (.))
                0x01009760                PROVIDE (_alt_partition_onchip_memory2_0_load_addr, LOADADDR (.onchip_memory2_0))

.new_sdram_controller_0
                0x01009760        0x0
                0x01009760                PROVIDE (_alt_partition_new_sdram_controller_0_start, ABSOLUTE (.))
 *(.new_sdram_controller_0. new_sdram_controller_0.*)
                0x01009760                . = ALIGN (0x4)
                0x01009760                PROVIDE (_alt_partition_new_sdram_controller_0_end, ABSOLUTE (.))
                0x01009760                _end = ABSOLUTE (.)
                0x01009760                end = ABSOLUTE (.)
                0x01009760                __alt_stack_base = ABSOLUTE (.)
                0x01009760                PROVIDE (_alt_partition_new_sdram_controller_0_load_addr, LOADADDR (.new_sdram_controller_0))

.stab
 *(.stab)

.stabstr
 *(.stabstr)

.stab.excl
 *(.stab.excl)

.stab.exclstr
 *(.stab.exclstr)

.stab.index
 *(.stab.index)

.stab.indexstr
 *(.stab.indexstr)

.comment        0x00000000       0x26
 *(.comment)
 .comment       0x00000000       0x26 obj/default/hello_world.o
                                 0x27 (size before relaxing)
 .comment       0x00000000       0x27 c:/altera/13.0sp1/nios2eds/bin/gnu/h-i686-mingw32/bin/../lib/gcc/nios2-elf/4.1.2/../../../../nios2-elf/lib\libc.a(lib_a-puts.o)
 .comment       0x00000000       0x27 c:/altera/13.0sp1/nios2eds/bin/gnu/h-i686-mingw32/bin/../lib/gcc/nios2-elf/4.1.2/../../../../nios2-elf/lib\libc.a(lib_a-strlen.o)
 .comment       0x00000000       0x27 c:/altera/13.0sp1/nios2eds/bin/gnu/h-i686-mingw32/bin/../lib/gcc/nios2-elf/4.1.2/../../../../nios2-elf/lib\libc.a(lib_a-fvwrite.o)
 .comment       0x00000000       0x27 c:/altera/13.0sp1/nios2eds/bin/gnu/h-i686-mingw32/bin/../lib/gcc/nios2-elf/4.1.2/../../../../nios2-elf/lib\libc.a(lib_a-impure.o)
 .comment       0x00000000       0x27 c:/altera/13.0sp1/nios2eds/bin/gnu/h-i686-mingw32/bin/../lib/gcc/nios2-elf/4.1.2/../../../../nios2-elf/lib\libc.a(lib_a-mallocr.o)
 .comment       0x00000000       0x27 c:/altera/13.0sp1/nios2eds/bin/gnu/h-i686-mingw32/bin/../lib/gcc/nios2-elf/4.1.2/../../../../nios2-elf/lib\libc.a(lib_a-memchr.o)
 .comment       0x00000000       0x27 c:/altera/13.0sp1/nios2eds/bin/gnu/h-i686-mingw32/bin/../lib/gcc/nios2-elf/4.1.2/../../../../nios2-elf/lib\libc.a(lib_a-memcpy.o)
 .comment       0x00000000       0x27 c:/altera/13.0sp1/nios2eds/bin/gnu/h-i686-mingw32/bin/../lib/gcc/nios2-elf/4.1.2/../../../../nios2-elf/lib\libc.a(lib_a-memmove.o)
 .comment       0x00000000       0x27 c:/altera/13.0sp1/nios2eds/bin/gnu/h-i686-mingw32/bin/../lib/gcc/nios2-elf/4.1.2/../../../../nios2-elf/lib\libc.a(lib_a-reallocr.o)
 .comment       0x00000000       0x27 c:/altera/13.0sp1/nios2eds/bin/gnu/h-i686-mingw32/bin/../lib/gcc/nios2-elf/4.1.2/../../../../nios2-elf/lib\libc.a(lib_a-sbrkr.o)
 .comment       0x00000000       0x27 c:/altera/13.0sp1/nios2eds/bin/gnu/h-i686-mingw32/bin/../lib/gcc/nios2-elf/4.1.2/../../../../nios2-elf/lib\libc.a(lib_a-wsetup.o)
 .comment       0x00000000       0x27 c:/altera/13.0sp1/nios2eds/bin/gnu/h-i686-mingw32/bin/../lib/gcc/nios2-elf/4.1.2/../../../../nios2-elf/lib\libc.a(lib_a-fflush.o)
 .comment       0x00000000       0x27 c:/altera/13.0sp1/nios2eds/bin/gnu/h-i686-mingw32/bin/../lib/gcc/nios2-elf/4.1.2/../../../../nios2-elf/lib\libc.a(lib_a-findfp.o)
 .comment       0x00000000       0x27 c:/altera/13.0sp1/nios2eds/bin/gnu/h-i686-mingw32/bin/../lib/gcc/nios2-elf/4.1.2/../../../../nios2-elf/lib\libc.a(lib_a-freer.o)
 .comment       0x00000000       0x27 c:/altera/13.0sp1/nios2eds/bin/gnu/h-i686-mingw32/bin/../lib/gcc/nios2-elf/4.1.2/../../../../nios2-elf/lib\libc.a(lib_a-fwalk.o)
 .comment       0x00000000       0x27 c:/altera/13.0sp1/nios2eds/bin/gnu/h-i686-mingw32/bin/../lib/gcc/nios2-elf/4.1.2/../../../../nios2-elf/lib\libc.a(lib_a-int_errno.o)
 .comment       0x00000000       0x27 c:/altera/13.0sp1/nios2eds/bin/gnu/h-i686-mingw32/bin/../lib/gcc/nios2-elf/4.1.2/../../../../nios2-elf/lib\libc.a(lib_a-makebuf.o)
 .comment       0x00000000       0x27 c:/altera/13.0sp1/nios2eds/bin/gnu/h-i686-mingw32/bin/../lib/gcc/nios2-elf/4.1.2/../../../../nios2-elf/lib\libc.a(lib_a-memset.o)
 .comment       0x00000000       0x27 c:/altera/13.0sp1/nios2eds/bin/gnu/h-i686-mingw32/bin/../lib/gcc/nios2-elf/4.1.2/../../../../nios2-elf/lib\libc.a(lib_a-stdio.o)
 .comment       0x00000000       0x27 c:/altera/13.0sp1/nios2eds/bin/gnu/h-i686-mingw32/bin/../lib/gcc/nios2-elf/4.1.2/../../../../nios2-elf/lib\libc.a(lib_a-writer.o)
 .comment       0x00000000       0x27 c:/altera/13.0sp1/nios2eds/bin/gnu/h-i686-mingw32/bin/../lib/gcc/nios2-elf/4.1.2/../../../../nios2-elf/lib\libc.a(lib_a-closer.o)
 .comment       0x00000000       0x27 c:/altera/13.0sp1/nios2eds/bin/gnu/h-i686-mingw32/bin/../lib/gcc/nios2-elf/4.1.2/../../../../nios2-elf/lib\libc.a(lib_a-fclose.o)
 .comment       0x00000000       0x27 c:/altera/13.0sp1/nios2eds/bin/gnu/h-i686-mingw32/bin/../lib/gcc/nios2-elf/4.1.2/../../../../nios2-elf/lib\libc.a(lib_a-fstatr.o)
 .comment       0x00000000       0x27 c:/altera/13.0sp1/nios2eds/bin/gnu/h-i686-mingw32/bin/../lib/gcc/nios2-elf/4.1.2/../../../../nios2-elf/lib\libc.a(lib_a-isattyr.o)
 .comment       0x00000000       0x27 c:/altera/13.0sp1/nios2eds/bin/gnu/h-i686-mingw32/bin/../lib/gcc/nios2-elf/4.1.2/../../../../nios2-elf/lib\libc.a(lib_a-lseekr.o)
 .comment       0x00000000       0x27 c:/altera/13.0sp1/nios2eds/bin/gnu/h-i686-mingw32/bin/../lib/gcc/nios2-elf/4.1.2/../../../../nios2-elf/lib\libc.a(lib_a-readr.o)
 .comment       0x00000000       0x27 ../e1_3_bsp/\libhal_bsp.a(alt_close.o)
 .comment       0x00000000       0x27 ../e1_3_bsp/\libhal_bsp.a(alt_dev.o)
 .comment       0x00000000       0x27 ../e1_3_bsp/\libhal_bsp.a(alt_errno.o)
 .comment       0x00000000       0x27 ../e1_3_bsp/\libhal_bsp.a(alt_fstat.o)
 .comment       0x00000000       0x27 ../e1_3_bsp/\libhal_bsp.a(alt_isatty.o)
 .comment       0x00000000       0x27 ../e1_3_bsp/\libhal_bsp.a(alt_load.o)
 .comment       0x00000000       0x27 ../e1_3_bsp/\libhal_bsp.a(alt_lseek.o)
 .comment       0x00000000       0x27 ../e1_3_bsp/\libhal_bsp.a(alt_main.o)
 .comment       0x00000000       0x27 ../e1_3_bsp/\libhal_bsp.a(alt_malloc_lock.o)
 .comment       0x00000000       0x27 ../e1_3_bsp/\libhal_bsp.a(alt_read.o)
 .comment       0x00000000       0x27 ../e1_3_bsp/\libhal_bsp.a(alt_release_fd.o)
 .comment       0x00000000       0x27 ../e1_3_bsp/\libhal_bsp.a(alt_sbrk.o)
 .comment       0x00000000       0x27 ../e1_3_bsp/\libhal_bsp.a(alt_write.o)
 .comment       0x00000000       0x27 ../e1_3_bsp/\libhal_bsp.a(alt_sys_init.o)
 .comment       0x00000000       0x27 ../e1_3_bsp/\libhal_bsp.a(altera_avalon_jtag_uart_fd.o)
 .comment       0x00000000       0x27 ../e1_3_bsp/\libhal_bsp.a(altera_avalon_jtag_uart_init.o)
 .comment       0x00000000       0x27 ../e1_3_bsp/\libhal_bsp.a(altera_avalon_jtag_uart_ioctl.o)
 .comment       0x00000000       0x27 ../e1_3_bsp/\libhal_bsp.a(altera_avalon_jtag_uart_read.o)
 .comment       0x00000000       0x27 ../e1_3_bsp/\libhal_bsp.a(altera_avalon_jtag_uart_write.o)
 .comment       0x00000000       0x27 ../e1_3_bsp/\libhal_bsp.a(altera_avalon_timer_sc.o)
 .comment       0x00000000       0x27 ../e1_3_bsp/\libhal_bsp.a(altera_up_avalon_character_lcd.o)
 .comment       0x00000000       0x27 ../e1_3_bsp/\libhal_bsp.a(altera_up_avalon_rs232.o)
 .comment       0x00000000       0x27 ../e1_3_bsp/\libhal_bsp.a(alt_alarm_start.o)
 .comment       0x00000000       0x27 ../e1_3_bsp/\libhal_bsp.a(alt_dcache_flush_all.o)
 .comment       0x00000000       0x27 ../e1_3_bsp/\libhal_bsp.a(alt_dev_llist_insert.o)
 .comment       0x00000000       0x27 ../e1_3_bsp/\libhal_bsp.a(alt_do_ctors.o)
 .comment       0x00000000       0x27 ../e1_3_bsp/\libhal_bsp.a(alt_do_dtors.o)
 .comment       0x00000000       0x27 ../e1_3_bsp/\libhal_bsp.a(alt_find_dev.o)
 .comment       0x00000000       0x27 ../e1_3_bsp/\libhal_bsp.a(alt_icache_flush_all.o)
 .comment       0x00000000       0x27 ../e1_3_bsp/\libhal_bsp.a(alt_io_redirect.o)
 .comment       0x00000000       0x27 ../e1_3_bsp/\libhal_bsp.a(alt_irq_register.o)
 .comment       0x00000000       0x27 ../e1_3_bsp/\libhal_bsp.a(alt_irq_vars.o)
 .comment       0x00000000       0x27 ../e1_3_bsp/\libhal_bsp.a(alt_open.o)
 .comment       0x00000000       0x27 ../e1_3_bsp/\libhal_bsp.a(alt_tick.o)
 .comment       0x00000000       0x27 ../e1_3_bsp/\libhal_bsp.a(altera_nios2_qsys_irq.o)
 .comment       0x00000000       0x27 ../e1_3_bsp/\libhal_bsp.a(alt_find_file.o)
 .comment       0x00000000       0x27 ../e1_3_bsp/\libhal_bsp.a(alt_get_fd.o)
 .comment       0x00000000       0x27 ../e1_3_bsp/\libhal_bsp.a(alt_icache_flush.o)
 .comment       0x00000000       0x27 ../e1_3_bsp/\libhal_bsp.a(alt_irq_handler.o)
 .comment       0x00000000       0x27 c:/altera/13.0sp1/nios2eds/bin/gnu/h-i686-mingw32/bin/../lib/gcc/nios2-elf/4.1.2/../../../../nios2-elf/lib\libc.a(lib_a-atexit.o)
 .comment       0x00000000       0x27 c:/altera/13.0sp1/nios2eds/bin/gnu/h-i686-mingw32/bin/../lib/gcc/nios2-elf/4.1.2/../../../../nios2-elf/lib\libc.a(lib_a-exit.o)
 .comment       0x00000000       0x27 c:/altera/13.0sp1/nios2eds/bin/gnu/h-i686-mingw32/bin/../lib/gcc/nios2-elf/4.1.2/../../../../nios2-elf/lib\libc.a(lib_a-memcmp.o)
 .comment       0x00000000       0x27 c:/altera/13.0sp1/nios2eds/bin/gnu/h-i686-mingw32/bin/../lib/gcc/nios2-elf/4.1.2/../../../../nios2-elf/lib\libc.a(lib_a-__atexit.o)
 .comment       0x00000000       0x27 c:/altera/13.0sp1/nios2eds/bin/gnu/h-i686-mingw32/bin/../lib/gcc/nios2-elf/4.1.2/../../../../nios2-elf/lib\libc.a(lib_a-__call_atexit.o)
 .comment       0x00000000       0x27 ../e1_3_bsp/\libhal_bsp.a(alt_exit.o)

.debug
 *(.debug)

.line
 *(.line)

.debug_srcinfo
 *(.debug_srcinfo)

.debug_sfnames
 *(.debug_sfnames)

.debug_aranges  0x00000000      0x918
 *(.debug_aranges)
 .debug_aranges
                0x00000000       0x28 ../e1_3_bsp//obj/HAL/src/crt0.o
 .debug_aranges
                0x00000028       0x20 obj/default/hello_world.o
 .debug_aranges
                0x00000048       0x20 c:/altera/13.0sp1/nios2eds/bin/gnu/h-i686-mingw32/bin/../lib/gcc/nios2-elf/4.1.2/../../../../nios2-elf/lib\libc.a(lib_a-puts.o)
 .debug_aranges
                0x00000068       0x20 c:/altera/13.0sp1/nios2eds/bin/gnu/h-i686-mingw32/bin/../lib/gcc/nios2-elf/4.1.2/../../../../nios2-elf/lib\libc.a(lib_a-strlen.o)
 .debug_aranges
                0x00000088       0x20 c:/altera/13.0sp1/nios2eds/bin/gnu/h-i686-mingw32/bin/../lib/gcc/nios2-elf/4.1.2/../../../../nios2-elf/lib\libc.a(lib_a-fvwrite.o)
 .debug_aranges
                0x000000a8       0x20 c:/altera/13.0sp1/nios2eds/bin/gnu/h-i686-mingw32/bin/../lib/gcc/nios2-elf/4.1.2/../../../../nios2-elf/lib\libc.a(lib_a-mallocr.o)
 .debug_aranges
                0x000000c8       0x20 c:/altera/13.0sp1/nios2eds/bin/gnu/h-i686-mingw32/bin/../lib/gcc/nios2-elf/4.1.2/../../../../nios2-elf/lib\libc.a(lib_a-memchr.o)
 .debug_aranges
                0x000000e8       0x20 c:/altera/13.0sp1/nios2eds/bin/gnu/h-i686-mingw32/bin/../lib/gcc/nios2-elf/4.1.2/../../../../nios2-elf/lib\libc.a(lib_a-memcpy.o)
 .debug_aranges
                0x00000108       0x20 c:/altera/13.0sp1/nios2eds/bin/gnu/h-i686-mingw32/bin/../lib/gcc/nios2-elf/4.1.2/../../../../nios2-elf/lib\libc.a(lib_a-memmove.o)
 .debug_aranges
                0x00000128       0x20 c:/altera/13.0sp1/nios2eds/bin/gnu/h-i686-mingw32/bin/../lib/gcc/nios2-elf/4.1.2/../../../../nios2-elf/lib\libc.a(lib_a-reallocr.o)
 .debug_aranges
                0x00000148       0x20 c:/altera/13.0sp1/nios2eds/bin/gnu/h-i686-mingw32/bin/../lib/gcc/nios2-elf/4.1.2/../../../../nios2-elf/lib\libc.a(lib_a-sbrkr.o)
 .debug_aranges
                0x00000168       0x20 c:/altera/13.0sp1/nios2eds/bin/gnu/h-i686-mingw32/bin/../lib/gcc/nios2-elf/4.1.2/../../../../nios2-elf/lib\libc.a(lib_a-wsetup.o)
 .debug_aranges
                0x00000188       0x20 c:/altera/13.0sp1/nios2eds/bin/gnu/h-i686-mingw32/bin/../lib/gcc/nios2-elf/4.1.2/../../../../nios2-elf/lib\libc.a(lib_a-fflush.o)
 .debug_aranges
                0x000001a8       0x20 c:/altera/13.0sp1/nios2eds/bin/gnu/h-i686-mingw32/bin/../lib/gcc/nios2-elf/4.1.2/../../../../nios2-elf/lib\libc.a(lib_a-findfp.o)
 .debug_aranges
                0x000001c8       0x20 c:/altera/13.0sp1/nios2eds/bin/gnu/h-i686-mingw32/bin/../lib/gcc/nios2-elf/4.1.2/../../../../nios2-elf/lib\libc.a(lib_a-freer.o)
 .debug_aranges
                0x000001e8       0x20 c:/altera/13.0sp1/nios2eds/bin/gnu/h-i686-mingw32/bin/../lib/gcc/nios2-elf/4.1.2/../../../../nios2-elf/lib\libc.a(lib_a-fwalk.o)
 .debug_aranges
                0x00000208       0x20 c:/altera/13.0sp1/nios2eds/bin/gnu/h-i686-mingw32/bin/../lib/gcc/nios2-elf/4.1.2/../../../../nios2-elf/lib\libc.a(lib_a-makebuf.o)
 .debug_aranges
                0x00000228       0x20 c:/altera/13.0sp1/nios2eds/bin/gnu/h-i686-mingw32/bin/../lib/gcc/nios2-elf/4.1.2/../../../../nios2-elf/lib\libc.a(lib_a-memset.o)
 .debug_aranges
                0x00000248       0x20 c:/altera/13.0sp1/nios2eds/bin/gnu/h-i686-mingw32/bin/../lib/gcc/nios2-elf/4.1.2/../../../../nios2-elf/lib\libc.a(lib_a-stdio.o)
 .debug_aranges
                0x00000268       0x20 c:/altera/13.0sp1/nios2eds/bin/gnu/h-i686-mingw32/bin/../lib/gcc/nios2-elf/4.1.2/../../../../nios2-elf/lib\libc.a(lib_a-writer.o)
 .debug_aranges
                0x00000288       0x20 c:/altera/13.0sp1/nios2eds/bin/gnu/h-i686-mingw32/bin/../lib/gcc/nios2-elf/4.1.2/../../../../nios2-elf/lib\libc.a(lib_a-closer.o)
 .debug_aranges
                0x000002a8       0x20 c:/altera/13.0sp1/nios2eds/bin/gnu/h-i686-mingw32/bin/../lib/gcc/nios2-elf/4.1.2/../../../../nios2-elf/lib\libc.a(lib_a-fclose.o)
 .debug_aranges
                0x000002c8       0x20 c:/altera/13.0sp1/nios2eds/bin/gnu/h-i686-mingw32/bin/../lib/gcc/nios2-elf/4.1.2/../../../../nios2-elf/lib\libc.a(lib_a-fstatr.o)
 .debug_aranges
                0x000002e8       0x20 c:/altera/13.0sp1/nios2eds/bin/gnu/h-i686-mingw32/bin/../lib/gcc/nios2-elf/4.1.2/../../../../nios2-elf/lib\libc.a(lib_a-isattyr.o)
 .debug_aranges
                0x00000308       0x20 c:/altera/13.0sp1/nios2eds/bin/gnu/h-i686-mingw32/bin/../lib/gcc/nios2-elf/4.1.2/../../../../nios2-elf/lib\libc.a(lib_a-lseekr.o)
 .debug_aranges
                0x00000328       0x20 c:/altera/13.0sp1/nios2eds/bin/gnu/h-i686-mingw32/bin/../lib/gcc/nios2-elf/4.1.2/../../../../nios2-elf/lib\libc.a(lib_a-readr.o)
 .debug_aranges
                0x00000348       0x20 ../e1_3_bsp/\libhal_bsp.a(alt_close.o)
 .debug_aranges
                0x00000368       0x20 ../e1_3_bsp/\libhal_bsp.a(alt_dev.o)
 .debug_aranges
                0x00000388       0x20 ../e1_3_bsp/\libhal_bsp.a(alt_fstat.o)
 .debug_aranges
                0x000003a8       0x20 ../e1_3_bsp/\libhal_bsp.a(alt_isatty.o)
 .debug_aranges
                0x000003c8       0x20 ../e1_3_bsp/\libhal_bsp.a(alt_load.o)
 .debug_aranges
                0x000003e8       0x20 ../e1_3_bsp/\libhal_bsp.a(alt_lseek.o)
 .debug_aranges
                0x00000408       0x20 ../e1_3_bsp/\libhal_bsp.a(alt_main.o)
 .debug_aranges
                0x00000428       0x20 ../e1_3_bsp/\libhal_bsp.a(alt_malloc_lock.o)
 .debug_aranges
                0x00000448       0x20 ../e1_3_bsp/\libhal_bsp.a(alt_read.o)
 .debug_aranges
                0x00000468       0x20 ../e1_3_bsp/\libhal_bsp.a(alt_release_fd.o)
 .debug_aranges
                0x00000488       0x20 ../e1_3_bsp/\libhal_bsp.a(alt_sbrk.o)
 .debug_aranges
                0x000004a8       0x20 ../e1_3_bsp/\libhal_bsp.a(alt_write.o)
 .debug_aranges
                0x000004c8       0x20 ../e1_3_bsp/\libhal_bsp.a(alt_sys_init.o)
 .debug_aranges
                0x000004e8       0x20 ../e1_3_bsp/\libhal_bsp.a(altera_avalon_jtag_uart_fd.o)
 .debug_aranges
                0x00000508       0x20 ../e1_3_bsp/\libhal_bsp.a(altera_avalon_jtag_uart_init.o)
 .debug_aranges
                0x00000528       0x20 ../e1_3_bsp/\libhal_bsp.a(altera_avalon_jtag_uart_ioctl.o)
 .debug_aranges
                0x00000548       0x20 ../e1_3_bsp/\libhal_bsp.a(altera_avalon_jtag_uart_read.o)
 .debug_aranges
                0x00000568       0x20 ../e1_3_bsp/\libhal_bsp.a(altera_avalon_jtag_uart_write.o)
 .debug_aranges
                0x00000588       0x20 ../e1_3_bsp/\libhal_bsp.a(altera_avalon_timer_sc.o)
 .debug_aranges
                0x000005a8       0x20 ../e1_3_bsp/\libhal_bsp.a(altera_up_avalon_character_lcd.o)
 .debug_aranges
                0x000005c8       0x20 ../e1_3_bsp/\libhal_bsp.a(altera_up_avalon_rs232.o)
 .debug_aranges
                0x000005e8       0x20 ../e1_3_bsp/\libhal_bsp.a(alt_alarm_start.o)
 .debug_aranges
                0x00000608       0x20 ../e1_3_bsp/\libhal_bsp.a(alt_dcache_flush_all.o)
 .debug_aranges
                0x00000628       0x20 ../e1_3_bsp/\libhal_bsp.a(alt_dev_llist_insert.o)
 .debug_aranges
                0x00000648       0x20 ../e1_3_bsp/\libhal_bsp.a(alt_do_ctors.o)
 .debug_aranges
                0x00000668       0x20 ../e1_3_bsp/\libhal_bsp.a(alt_do_dtors.o)
 .debug_aranges
                0x00000688       0x20 ../e1_3_bsp/\libhal_bsp.a(alt_find_dev.o)
 .debug_aranges
                0x000006a8       0x20 ../e1_3_bsp/\libhal_bsp.a(alt_icache_flush_all.o)
 .debug_aranges
                0x000006c8       0x20 ../e1_3_bsp/\libhal_bsp.a(alt_io_redirect.o)
 .debug_aranges
                0x000006e8       0x20 ../e1_3_bsp/\libhal_bsp.a(alt_irq_register.o)
 .debug_aranges
                0x00000708       0x20 ../e1_3_bsp/\libhal_bsp.a(alt_open.o)
 .debug_aranges
                0x00000728       0x20 ../e1_3_bsp/\libhal_bsp.a(alt_tick.o)
 .debug_aranges
                0x00000748       0x20 ../e1_3_bsp/\libhal_bsp.a(altera_nios2_qsys_irq.o)
 .debug_aranges
                0x00000768       0x20 ../e1_3_bsp/\libhal_bsp.a(alt_find_file.o)
 .debug_aranges
                0x00000788       0x20 ../e1_3_bsp/\libhal_bsp.a(alt_get_fd.o)
 .debug_aranges
                0x000007a8       0x20 ../e1_3_bsp/\libhal_bsp.a(alt_icache_flush.o)
 .debug_aranges
                0x000007c8       0x30 ../e1_3_bsp/\libhal_bsp.a(alt_irq_entry.o)
 .debug_aranges
                0x000007f8       0x28 ../e1_3_bsp/\libhal_bsp.a(alt_irq_handler.o)
 .debug_aranges
                0x00000820       0x38 ../e1_3_bsp/\libhal_bsp.a(alt_exception_entry.o)
 .debug_aranges
                0x00000858       0x20 c:/altera/13.0sp1/nios2eds/bin/gnu/h-i686-mingw32/bin/../lib/gcc/nios2-elf/4.1.2/../../../../nios2-elf/lib\libc.a(lib_a-atexit.o)
 .debug_aranges
                0x00000878       0x20 c:/altera/13.0sp1/nios2eds/bin/gnu/h-i686-mingw32/bin/../lib/gcc/nios2-elf/4.1.2/../../../../nios2-elf/lib\libc.a(lib_a-exit.o)
 .debug_aranges
                0x00000898       0x20 c:/altera/13.0sp1/nios2eds/bin/gnu/h-i686-mingw32/bin/../lib/gcc/nios2-elf/4.1.2/../../../../nios2-elf/lib\libc.a(lib_a-memcmp.o)
 .debug_aranges
                0x000008b8       0x20 c:/altera/13.0sp1/nios2eds/bin/gnu/h-i686-mingw32/bin/../lib/gcc/nios2-elf/4.1.2/../../../../nios2-elf/lib\libc.a(lib_a-__atexit.o)
 .debug_aranges
                0x000008d8       0x20 c:/altera/13.0sp1/nios2eds/bin/gnu/h-i686-mingw32/bin/../lib/gcc/nios2-elf/4.1.2/../../../../nios2-elf/lib\libc.a(lib_a-__call_atexit.o)
 .debug_aranges
                0x000008f8       0x20 ../e1_3_bsp/\libhal_bsp.a(alt_exit.o)

.debug_pubnames
                0x00000000     0x105d
 *(.debug_pubnames)
 .debug_pubnames
                0x00000000       0x69 obj/default/hello_world.o
 .debug_pubnames
                0x00000069       0x27 c:/altera/13.0sp1/nios2eds/bin/gnu/h-i686-mingw32/bin/../lib/gcc/nios2-elf/4.1.2/../../../../nios2-elf/lib\libc.a(lib_a-puts.o)
 .debug_pubnames
                0x00000090       0x1d c:/altera/13.0sp1/nios2eds/bin/gnu/h-i686-mingw32/bin/../lib/gcc/nios2-elf/4.1.2/../../../../nios2-elf/lib\libc.a(lib_a-strlen.o)
 .debug_pubnames
                0x000000ad       0x23 c:/altera/13.0sp1/nios2eds/bin/gnu/h-i686-mingw32/bin/../lib/gcc/nios2-elf/4.1.2/../../../../nios2-elf/lib\libc.a(lib_a-fvwrite.o)
 .debug_pubnames
                0x000000d0       0x39 c:/altera/13.0sp1/nios2eds/bin/gnu/h-i686-mingw32/bin/../lib/gcc/nios2-elf/4.1.2/../../../../nios2-elf/lib\libc.a(lib_a-impure.o)
 .debug_pubnames
                0x00000109       0xce c:/altera/13.0sp1/nios2eds/bin/gnu/h-i686-mingw32/bin/../lib/gcc/nios2-elf/4.1.2/../../../../nios2-elf/lib\libc.a(lib_a-mallocr.o)
 .debug_pubnames
                0x000001d7       0x1d c:/altera/13.0sp1/nios2eds/bin/gnu/h-i686-mingw32/bin/../lib/gcc/nios2-elf/4.1.2/../../../../nios2-elf/lib\libc.a(lib_a-memchr.o)
 .debug_pubnames
                0x000001f4       0x1d c:/altera/13.0sp1/nios2eds/bin/gnu/h-i686-mingw32/bin/../lib/gcc/nios2-elf/4.1.2/../../../../nios2-elf/lib\libc.a(lib_a-memcpy.o)
 .debug_pubnames
                0x00000211       0x1e c:/altera/13.0sp1/nios2eds/bin/gnu/h-i686-mingw32/bin/../lib/gcc/nios2-elf/4.1.2/../../../../nios2-elf/lib\libc.a(lib_a-memmove.o)
 .debug_pubnames
                0x0000022f       0x21 c:/altera/13.0sp1/nios2eds/bin/gnu/h-i686-mingw32/bin/../lib/gcc/nios2-elf/4.1.2/../../../../nios2-elf/lib\libc.a(lib_a-reallocr.o)
 .debug_pubnames
                0x00000250       0x1e c:/altera/13.0sp1/nios2eds/bin/gnu/h-i686-mingw32/bin/../lib/gcc/nios2-elf/4.1.2/../../../../nios2-elf/lib\libc.a(lib_a-sbrkr.o)
 .debug_pubnames
                0x0000026e       0x22 c:/altera/13.0sp1/nios2eds/bin/gnu/h-i686-mingw32/bin/../lib/gcc/nios2-elf/4.1.2/../../../../nios2-elf/lib\libc.a(lib_a-wsetup.o)
 .debug_pubnames
                0x00000290       0x2b c:/altera/13.0sp1/nios2eds/bin/gnu/h-i686-mingw32/bin/../lib/gcc/nios2-elf/4.1.2/../../../../nios2-elf/lib\libc.a(lib_a-fflush.o)
 .debug_pubnames
                0x000002bb       0xdb c:/altera/13.0sp1/nios2eds/bin/gnu/h-i686-mingw32/bin/../lib/gcc/nios2-elf/4.1.2/../../../../nios2-elf/lib\libc.a(lib_a-findfp.o)
 .debug_pubnames
                0x00000396       0x31 c:/altera/13.0sp1/nios2eds/bin/gnu/h-i686-mingw32/bin/../lib/gcc/nios2-elf/4.1.2/../../../../nios2-elf/lib\libc.a(lib_a-freer.o)
 .debug_pubnames
                0x000003c7       0x2e c:/altera/13.0sp1/nios2eds/bin/gnu/h-i686-mingw32/bin/../lib/gcc/nios2-elf/4.1.2/../../../../nios2-elf/lib\libc.a(lib_a-fwalk.o)
 .debug_pubnames
                0x000003f5       0x1c c:/altera/13.0sp1/nios2eds/bin/gnu/h-i686-mingw32/bin/../lib/gcc/nios2-elf/4.1.2/../../../../nios2-elf/lib\libc.a(lib_a-int_errno.o)
 .debug_pubnames
                0x00000411       0x23 c:/altera/13.0sp1/nios2eds/bin/gnu/h-i686-mingw32/bin/../lib/gcc/nios2-elf/4.1.2/../../../../nios2-elf/lib\libc.a(lib_a-makebuf.o)
 .debug_pubnames
                0x00000434       0x1d c:/altera/13.0sp1/nios2eds/bin/gnu/h-i686-mingw32/bin/../lib/gcc/nios2-elf/4.1.2/../../../../nios2-elf/lib\libc.a(lib_a-memset.o)
 .debug_pubnames
                0x00000451       0x44 c:/altera/13.0sp1/nios2eds/bin/gnu/h-i686-mingw32/bin/../lib/gcc/nios2-elf/4.1.2/../../../../nios2-elf/lib\libc.a(lib_a-stdio.o)
 .debug_pubnames
                0x00000495       0x1f c:/altera/13.0sp1/nios2eds/bin/gnu/h-i686-mingw32/bin/../lib/gcc/nios2-elf/4.1.2/../../../../nios2-elf/lib\libc.a(lib_a-writer.o)
 .debug_pubnames
                0x000004b4       0x1f c:/altera/13.0sp1/nios2eds/bin/gnu/h-i686-mingw32/bin/../lib/gcc/nios2-elf/4.1.2/../../../../nios2-elf/lib\libc.a(lib_a-closer.o)
 .debug_pubnames
                0x000004d3       0x2b c:/altera/13.0sp1/nios2eds/bin/gnu/h-i686-mingw32/bin/../lib/gcc/nios2-elf/4.1.2/../../../../nios2-elf/lib\libc.a(lib_a-fclose.o)
 .debug_pubnames
                0x000004fe       0x1f c:/altera/13.0sp1/nios2eds/bin/gnu/h-i686-mingw32/bin/../lib/gcc/nios2-elf/4.1.2/../../../../nios2-elf/lib\libc.a(lib_a-fstatr.o)
 .debug_pubnames
                0x0000051d       0x20 c:/altera/13.0sp1/nios2eds/bin/gnu/h-i686-mingw32/bin/../lib/gcc/nios2-elf/4.1.2/../../../../nios2-elf/lib\libc.a(lib_a-isattyr.o)
 .debug_pubnames
                0x0000053d       0x1f c:/altera/13.0sp1/nios2eds/bin/gnu/h-i686-mingw32/bin/../lib/gcc/nios2-elf/4.1.2/../../../../nios2-elf/lib\libc.a(lib_a-lseekr.o)
 .debug_pubnames
                0x0000055c       0x1e c:/altera/13.0sp1/nios2eds/bin/gnu/h-i686-mingw32/bin/../lib/gcc/nios2-elf/4.1.2/../../../../nios2-elf/lib\libc.a(lib_a-readr.o)
 .debug_pubnames
                0x0000057a       0x1c ../e1_3_bsp/\libhal_bsp.a(alt_close.o)
 .debug_pubnames
                0x00000596       0x63 ../e1_3_bsp/\libhal_bsp.a(alt_dev.o)
 .debug_pubnames
                0x000005f9       0x20 ../e1_3_bsp/\libhal_bsp.a(alt_errno.o)
 .debug_pubnames
                0x00000619       0x1c ../e1_3_bsp/\libhal_bsp.a(alt_fstat.o)
 .debug_pubnames
                0x00000635       0x1d ../e1_3_bsp/\libhal_bsp.a(alt_isatty.o)
 .debug_pubnames
                0x00000652       0x1f ../e1_3_bsp/\libhal_bsp.a(alt_load.o)
 .debug_pubnames
                0x00000671       0x1c ../e1_3_bsp/\libhal_bsp.a(alt_lseek.o)
 .debug_pubnames
                0x0000068d       0x46 ../e1_3_bsp/\libhal_bsp.a(alt_main.o)
 .debug_pubnames
                0x000006d3       0x38 ../e1_3_bsp/\libhal_bsp.a(alt_malloc_lock.o)
 .debug_pubnames
                0x0000070b       0x1b ../e1_3_bsp/\libhal_bsp.a(alt_read.o)
 .debug_pubnames
                0x00000726       0x25 ../e1_3_bsp/\libhal_bsp.a(alt_release_fd.o)
 .debug_pubnames
                0x0000074b       0x1b ../e1_3_bsp/\libhal_bsp.a(alt_sbrk.o)
 .debug_pubnames
                0x00000766       0x1c ../e1_3_bsp/\libhal_bsp.a(alt_write.o)
 .debug_pubnames
                0x00000782       0x34 ../e1_3_bsp/\libhal_bsp.a(alt_sys_init.o)
 .debug_pubnames
                0x000007b6       0xa5 ../e1_3_bsp/\libhal_bsp.a(altera_avalon_jtag_uart_fd.o)
 .debug_pubnames
                0x0000085b       0x55 ../e1_3_bsp/\libhal_bsp.a(altera_avalon_jtag_uart_init.o)
 .debug_pubnames
                0x000008b0       0x34 ../e1_3_bsp/\libhal_bsp.a(altera_avalon_jtag_uart_ioctl.o)
 .debug_pubnames
                0x000008e4       0x33 ../e1_3_bsp/\libhal_bsp.a(altera_avalon_jtag_uart_read.o)
 .debug_pubnames
                0x00000917       0x34 ../e1_3_bsp/\libhal_bsp.a(altera_avalon_jtag_uart_write.o)
 .debug_pubnames
                0x0000094b       0x2f ../e1_3_bsp/\libhal_bsp.a(altera_avalon_timer_sc.o)
 .debug_pubnames
                0x0000097a      0x1cd ../e1_3_bsp/\libhal_bsp.a(altera_up_avalon_character_lcd.o)
 .debug_pubnames
                0x00000b47      0x163 ../e1_3_bsp/\libhal_bsp.a(altera_up_avalon_rs232.o)
 .debug_pubnames
                0x00000caa       0x26 ../e1_3_bsp/\libhal_bsp.a(alt_alarm_start.o)
 .debug_pubnames
                0x00000cd0       0x2b ../e1_3_bsp/\libhal_bsp.a(alt_dcache_flush_all.o)
 .debug_pubnames
                0x00000cfb       0x2b ../e1_3_bsp/\libhal_bsp.a(alt_dev_llist_insert.o)
 .debug_pubnames
                0x00000d26       0x20 ../e1_3_bsp/\libhal_bsp.a(alt_do_ctors.o)
 .debug_pubnames
                0x00000d46       0x20 ../e1_3_bsp/\libhal_bsp.a(alt_do_dtors.o)
 .debug_pubnames
                0x00000d66       0x23 ../e1_3_bsp/\libhal_bsp.a(alt_find_dev.o)
 .debug_pubnames
                0x00000d89       0x2b ../e1_3_bsp/\libhal_bsp.a(alt_icache_flush_all.o)
 .debug_pubnames
                0x00000db4       0x26 ../e1_3_bsp/\libhal_bsp.a(alt_io_redirect.o)
 .debug_pubnames
                0x00000dda       0x27 ../e1_3_bsp/\libhal_bsp.a(alt_irq_register.o)
 .debug_pubnames
                0x00000e01       0x3b ../e1_3_bsp/\libhal_bsp.a(alt_irq_vars.o)
 .debug_pubnames
                0x00000e3c       0x1b ../e1_3_bsp/\libhal_bsp.a(alt_open.o)
 .debug_pubnames
                0x00000e57       0x68 ../e1_3_bsp/\libhal_bsp.a(alt_tick.o)
 .debug_pubnames
                0x00000ebf       0x31 ../e1_3_bsp/\libhal_bsp.a(altera_nios2_qsys_irq.o)
 .debug_pubnames
                0x00000ef0       0x24 ../e1_3_bsp/\libhal_bsp.a(alt_find_file.o)
 .debug_pubnames
                0x00000f14       0x21 ../e1_3_bsp/\libhal_bsp.a(alt_get_fd.o)
 .debug_pubnames
                0x00000f35       0x27 ../e1_3_bsp/\libhal_bsp.a(alt_icache_flush.o)
 .debug_pubnames
                0x00000f5c       0x32 ../e1_3_bsp/\libhal_bsp.a(alt_irq_handler.o)
 .debug_pubnames
                0x00000f8e       0x2a c:/altera/13.0sp1/nios2eds/bin/gnu/h-i686-mingw32/bin/../lib/gcc/nios2-elf/4.1.2/../../../../nios2-elf/lib\libc.a(lib_a-atexit.o)
 .debug_pubnames
                0x00000fb8       0x1b c:/altera/13.0sp1/nios2eds/bin/gnu/h-i686-mingw32/bin/../lib/gcc/nios2-elf/4.1.2/../../../../nios2-elf/lib\libc.a(lib_a-exit.o)
 .debug_pubnames
                0x00000fd3       0x1d c:/altera/13.0sp1/nios2eds/bin/gnu/h-i686-mingw32/bin/../lib/gcc/nios2-elf/4.1.2/../../../../nios2-elf/lib\libc.a(lib_a-memcmp.o)
 .debug_pubnames
                0x00000ff0       0x2a c:/altera/13.0sp1/nios2eds/bin/gnu/h-i686-mingw32/bin/../lib/gcc/nios2-elf/4.1.2/../../../../nios2-elf/lib\libc.a(lib_a-__atexit.o)
 .debug_pubnames
                0x0000101a       0x27 c:/altera/13.0sp1/nios2eds/bin/gnu/h-i686-mingw32/bin/../lib/gcc/nios2-elf/4.1.2/../../../../nios2-elf/lib\libc.a(lib_a-__call_atexit.o)
 .debug_pubnames
                0x00001041       0x1c ../e1_3_bsp/\libhal_bsp.a(alt_exit.o)

.debug_info     0x00000000    0x1b124
 *(.debug_info .gnu.linkonce.wi.*)
 .debug_info    0x00000000       0xa2 ../e1_3_bsp//obj/HAL/src/crt0.o
 .debug_info    0x000000a2      0x212 obj/default/hello_world.o
 .debug_info    0x000002b4      0xa25 c:/altera/13.0sp1/nios2eds/bin/gnu/h-i686-mingw32/bin/../lib/gcc/nios2-elf/4.1.2/../../../../nios2-elf/lib\libc.a(lib_a-puts.o)
 .debug_info    0x00000cd9       0xdb c:/altera/13.0sp1/nios2eds/bin/gnu/h-i686-mingw32/bin/../lib/gcc/nios2-elf/4.1.2/../../../../nios2-elf/lib\libc.a(lib_a-strlen.o)
 .debug_info    0x00000db4      0xa88 c:/altera/13.0sp1/nios2eds/bin/gnu/h-i686-mingw32/bin/../lib/gcc/nios2-elf/4.1.2/../../../../nios2-elf/lib\libc.a(lib_a-fvwrite.o)
 .debug_info    0x0000183c      0x93d c:/altera/13.0sp1/nios2eds/bin/gnu/h-i686-mingw32/bin/../lib/gcc/nios2-elf/4.1.2/../../../../nios2-elf/lib\libc.a(lib_a-impure.o)
 .debug_info    0x00002179      0xcd0 c:/altera/13.0sp1/nios2eds/bin/gnu/h-i686-mingw32/bin/../lib/gcc/nios2-elf/4.1.2/../../../../nios2-elf/lib\libc.a(lib_a-mallocr.o)
 .debug_info    0x00002e49      0x138 c:/altera/13.0sp1/nios2eds/bin/gnu/h-i686-mingw32/bin/../lib/gcc/nios2-elf/4.1.2/../../../../nios2-elf/lib\libc.a(lib_a-memchr.o)
 .debug_info    0x00002f81      0x106 c:/altera/13.0sp1/nios2eds/bin/gnu/h-i686-mingw32/bin/../lib/gcc/nios2-elf/4.1.2/../../../../nios2-elf/lib\libc.a(lib_a-memcpy.o)
 .debug_info    0x00003087      0x13e c:/altera/13.0sp1/nios2eds/bin/gnu/h-i686-mingw32/bin/../lib/gcc/nios2-elf/4.1.2/../../../../nios2-elf/lib\libc.a(lib_a-memmove.o)
 .debug_info    0x000031c5      0xbd7 c:/altera/13.0sp1/nios2eds/bin/gnu/h-i686-mingw32/bin/../lib/gcc/nios2-elf/4.1.2/../../../../nios2-elf/lib\libc.a(lib_a-reallocr.o)
 .debug_info    0x00003d9c      0x962 c:/altera/13.0sp1/nios2eds/bin/gnu/h-i686-mingw32/bin/../lib/gcc/nios2-elf/4.1.2/../../../../nios2-elf/lib\libc.a(lib_a-sbrkr.o)
 .debug_info    0x000046fe      0x95d c:/altera/13.0sp1/nios2eds/bin/gnu/h-i686-mingw32/bin/../lib/gcc/nios2-elf/4.1.2/../../../../nios2-elf/lib\libc.a(lib_a-wsetup.o)
 .debug_info    0x0000505b      0x9fe c:/altera/13.0sp1/nios2eds/bin/gnu/h-i686-mingw32/bin/../lib/gcc/nios2-elf/4.1.2/../../../../nios2-elf/lib\libc.a(lib_a-fflush.o)
 .debug_info    0x00005a59      0xb72 c:/altera/13.0sp1/nios2eds/bin/gnu/h-i686-mingw32/bin/../lib/gcc/nios2-elf/4.1.2/../../../../nios2-elf/lib\libc.a(lib_a-findfp.o)
 .debug_info    0x000065cb      0xbc9 c:/altera/13.0sp1/nios2eds/bin/gnu/h-i686-mingw32/bin/../lib/gcc/nios2-elf/4.1.2/../../../../nios2-elf/lib\libc.a(lib_a-freer.o)
 .debug_info    0x00007194      0xaed c:/altera/13.0sp1/nios2eds/bin/gnu/h-i686-mingw32/bin/../lib/gcc/nios2-elf/4.1.2/../../../../nios2-elf/lib\libc.a(lib_a-fwalk.o)
 .debug_info    0x00007c81       0x8c c:/altera/13.0sp1/nios2eds/bin/gnu/h-i686-mingw32/bin/../lib/gcc/nios2-elf/4.1.2/../../../../nios2-elf/lib\libc.a(lib_a-int_errno.o)
 .debug_info    0x00007d0d      0xb1a c:/altera/13.0sp1/nios2eds/bin/gnu/h-i686-mingw32/bin/../lib/gcc/nios2-elf/4.1.2/../../../../nios2-elf/lib\libc.a(lib_a-makebuf.o)
 .debug_info    0x00008827      0x113 c:/altera/13.0sp1/nios2eds/bin/gnu/h-i686-mingw32/bin/../lib/gcc/nios2-elf/4.1.2/../../../../nios2-elf/lib\libc.a(lib_a-memset.o)
 .debug_info    0x0000893a      0xaac c:/altera/13.0sp1/nios2eds/bin/gnu/h-i686-mingw32/bin/../lib/gcc/nios2-elf/4.1.2/../../../../nios2-elf/lib\libc.a(lib_a-stdio.o)
 .debug_info    0x000093e6      0x993 c:/altera/13.0sp1/nios2eds/bin/gnu/h-i686-mingw32/bin/../lib/gcc/nios2-elf/4.1.2/../../../../nios2-elf/lib\libc.a(lib_a-writer.o)
 .debug_info    0x00009d79      0x958 c:/altera/13.0sp1/nios2eds/bin/gnu/h-i686-mingw32/bin/../lib/gcc/nios2-elf/4.1.2/../../../../nios2-elf/lib\libc.a(lib_a-closer.o)
 .debug_info    0x0000a6d1      0x994 c:/altera/13.0sp1/nios2eds/bin/gnu/h-i686-mingw32/bin/../lib/gcc/nios2-elf/4.1.2/../../../../nios2-elf/lib\libc.a(lib_a-fclose.o)
 .debug_info    0x0000b065      0xafc c:/altera/13.0sp1/nios2eds/bin/gnu/h-i686-mingw32/bin/../lib/gcc/nios2-elf/4.1.2/../../../../nios2-elf/lib\libc.a(lib_a-fstatr.o)
 .debug_info    0x0000bb61      0x958 c:/altera/13.0sp1/nios2eds/bin/gnu/h-i686-mingw32/bin/../lib/gcc/nios2-elf/4.1.2/../../../../nios2-elf/lib\libc.a(lib_a-isattyr.o)
 .debug_info    0x0000c4b9      0x981 c:/altera/13.0sp1/nios2eds/bin/gnu/h-i686-mingw32/bin/../lib/gcc/nios2-elf/4.1.2/../../../../nios2-elf/lib\libc.a(lib_a-lseekr.o)
 .debug_info    0x0000ce3a      0x98c c:/altera/13.0sp1/nios2eds/bin/gnu/h-i686-mingw32/bin/../lib/gcc/nios2-elf/4.1.2/../../../../nios2-elf/lib\libc.a(lib_a-readr.o)
 .debug_info    0x0000d7c6      0x48e ../e1_3_bsp/\libhal_bsp.a(alt_close.o)
 .debug_info    0x0000dc54      0x6a6 ../e1_3_bsp/\libhal_bsp.a(alt_dev.o)
 .debug_info    0x0000e2fa      0x18b ../e1_3_bsp/\libhal_bsp.a(alt_errno.o)
 .debug_info    0x0000e485      0x687 ../e1_3_bsp/\libhal_bsp.a(alt_fstat.o)
 .debug_info    0x0000eb0c      0x68d ../e1_3_bsp/\libhal_bsp.a(alt_isatty.o)
 .debug_info    0x0000f199      0x2b4 ../e1_3_bsp/\libhal_bsp.a(alt_load.o)
 .debug_info    0x0000f44d      0x4c1 ../e1_3_bsp/\libhal_bsp.a(alt_lseek.o)
 .debug_info    0x0000f90e      0x293 ../e1_3_bsp/\libhal_bsp.a(alt_main.o)
 .debug_info    0x0000fba1      0xc3f ../e1_3_bsp/\libhal_bsp.a(alt_malloc_lock.o)
 .debug_info    0x000107e0      0x6b1 ../e1_3_bsp/\libhal_bsp.a(alt_read.o)
 .debug_info    0x00010e91      0x419 ../e1_3_bsp/\libhal_bsp.a(alt_release_fd.o)
 .debug_info    0x000112aa      0x325 ../e1_3_bsp/\libhal_bsp.a(alt_sbrk.o)
 .debug_info    0x000115cf      0x6ba ../e1_3_bsp/\libhal_bsp.a(alt_write.o)
 .debug_info    0x00011c89      0x818 ../e1_3_bsp/\libhal_bsp.a(alt_sys_init.o)
 .debug_info    0x000124a1      0x800 ../e1_3_bsp/\libhal_bsp.a(altera_avalon_jtag_uart_fd.o)
 .debug_info    0x00012ca1      0x668 ../e1_3_bsp/\libhal_bsp.a(altera_avalon_jtag_uart_init.o)
 .debug_info    0x00013309      0x46a ../e1_3_bsp/\libhal_bsp.a(altera_avalon_jtag_uart_ioctl.o)
 .debug_info    0x00013773      0x5a0 ../e1_3_bsp/\libhal_bsp.a(altera_avalon_jtag_uart_read.o)
 .debug_info    0x00013d13      0x598 ../e1_3_bsp/\libhal_bsp.a(altera_avalon_jtag_uart_write.o)
 .debug_info    0x000142ab      0x3f2 ../e1_3_bsp/\libhal_bsp.a(altera_avalon_timer_sc.o)
 .debug_info    0x0001469d      0x910 ../e1_3_bsp/\libhal_bsp.a(altera_up_avalon_character_lcd.o)
 .debug_info    0x00014fad      0x806 ../e1_3_bsp/\libhal_bsp.a(altera_up_avalon_rs232.o)
 .debug_info    0x000157b3      0x49c ../e1_3_bsp/\libhal_bsp.a(alt_alarm_start.o)
 .debug_info    0x00015c4f      0x196 ../e1_3_bsp/\libhal_bsp.a(alt_dcache_flush_all.o)
 .debug_info    0x00015de5      0x2de ../e1_3_bsp/\libhal_bsp.a(alt_dev_llist_insert.o)
 .debug_info    0x000160c3      0x136 ../e1_3_bsp/\libhal_bsp.a(alt_do_ctors.o)
 .debug_info    0x000161f9      0x135 ../e1_3_bsp/\libhal_bsp.a(alt_do_dtors.o)
 .debug_info    0x0001632e      0x43f ../e1_3_bsp/\libhal_bsp.a(alt_find_dev.o)
 .debug_info    0x0001676d      0x183 ../e1_3_bsp/\libhal_bsp.a(alt_icache_flush_all.o)
 .debug_info    0x000168f0      0x6bc ../e1_3_bsp/\libhal_bsp.a(alt_io_redirect.o)
 .debug_info    0x00016fac      0x456 ../e1_3_bsp/\libhal_bsp.a(alt_irq_register.o)
 .debug_info    0x00017402      0x18e ../e1_3_bsp/\libhal_bsp.a(alt_irq_vars.o)
 .debug_info    0x00017590      0x54c ../e1_3_bsp/\libhal_bsp.a(alt_open.o)
 .debug_info    0x00017adc      0x458 ../e1_3_bsp/\libhal_bsp.a(alt_tick.o)
 .debug_info    0x00017f34      0x1d1 ../e1_3_bsp/\libhal_bsp.a(altera_nios2_qsys_irq.o)
 .debug_info    0x00018105      0x446 ../e1_3_bsp/\libhal_bsp.a(alt_find_file.o)
 .debug_info    0x0001854b      0x487 ../e1_3_bsp/\libhal_bsp.a(alt_get_fd.o)
 .debug_info    0x000189d2      0x1cb ../e1_3_bsp/\libhal_bsp.a(alt_icache_flush.o)
 .debug_info    0x00018b9d       0xab ../e1_3_bsp/\libhal_bsp.a(alt_irq_entry.o)
 .debug_info    0x00018c48      0x2d9 ../e1_3_bsp/\libhal_bsp.a(alt_irq_handler.o)
 .debug_info    0x00018f21       0xb1 ../e1_3_bsp/\libhal_bsp.a(alt_exception_entry.o)
 .debug_info    0x00018fd2      0x181 c:/altera/13.0sp1/nios2eds/bin/gnu/h-i686-mingw32/bin/../lib/gcc/nios2-elf/4.1.2/../../../../nios2-elf/lib\libc.a(lib_a-atexit.o)
 .debug_info    0x00019153      0x93f c:/altera/13.0sp1/nios2eds/bin/gnu/h-i686-mingw32/bin/../lib/gcc/nios2-elf/4.1.2/../../../../nios2-elf/lib\libc.a(lib_a-exit.o)
 .debug_info    0x00019a92      0x115 c:/altera/13.0sp1/nios2eds/bin/gnu/h-i686-mingw32/bin/../lib/gcc/nios2-elf/4.1.2/../../../../nios2-elf/lib\libc.a(lib_a-memcmp.o)
 .debug_info    0x00019ba7      0x99c c:/altera/13.0sp1/nios2eds/bin/gnu/h-i686-mingw32/bin/../lib/gcc/nios2-elf/4.1.2/../../../../nios2-elf/lib\libc.a(lib_a-__atexit.o)
 .debug_info    0x0001a543      0x9e2 c:/altera/13.0sp1/nios2eds/bin/gnu/h-i686-mingw32/bin/../lib/gcc/nios2-elf/4.1.2/../../../../nios2-elf/lib\libc.a(lib_a-__call_atexit.o)
 .debug_info    0x0001af25      0x1ff ../e1_3_bsp/\libhal_bsp.a(alt_exit.o)

.debug_abbrev   0x00000000     0x5161
 *(.debug_abbrev)
 .debug_abbrev  0x00000000       0x12 ../e1_3_bsp//obj/HAL/src/crt0.o
 .debug_abbrev  0x00000012       0xa2 obj/default/hello_world.o
 .debug_abbrev  0x000000b4      0x1ac c:/altera/13.0sp1/nios2eds/bin/gnu/h-i686-mingw32/bin/../lib/gcc/nios2-elf/4.1.2/../../../../nios2-elf/lib\libc.a(lib_a-puts.o)
 .debug_abbrev  0x00000260       0x8b c:/altera/13.0sp1/nios2eds/bin/gnu/h-i686-mingw32/bin/../lib/gcc/nios2-elf/4.1.2/../../../../nios2-elf/lib\libc.a(lib_a-strlen.o)
 .debug_abbrev  0x000002eb      0x1a3 c:/altera/13.0sp1/nios2eds/bin/gnu/h-i686-mingw32/bin/../lib/gcc/nios2-elf/4.1.2/../../../../nios2-elf/lib\libc.a(lib_a-fvwrite.o)
 .debug_abbrev  0x0000048e      0x157 c:/altera/13.0sp1/nios2eds/bin/gnu/h-i686-mingw32/bin/../lib/gcc/nios2-elf/4.1.2/../../../../nios2-elf/lib\libc.a(lib_a-impure.o)
 .debug_abbrev  0x000005e5      0x216 c:/altera/13.0sp1/nios2eds/bin/gnu/h-i686-mingw32/bin/../lib/gcc/nios2-elf/4.1.2/../../../../nios2-elf/lib\libc.a(lib_a-mallocr.o)
 .debug_abbrev  0x000007fb       0xb5 c:/altera/13.0sp1/nios2eds/bin/gnu/h-i686-mingw32/bin/../lib/gcc/nios2-elf/4.1.2/../../../../nios2-elf/lib\libc.a(lib_a-memchr.o)
 .debug_abbrev  0x000008b0       0xb5 c:/altera/13.0sp1/nios2eds/bin/gnu/h-i686-mingw32/bin/../lib/gcc/nios2-elf/4.1.2/../../../../nios2-elf/lib\libc.a(lib_a-memcpy.o)
 .debug_abbrev  0x00000965       0xb5 c:/altera/13.0sp1/nios2eds/bin/gnu/h-i686-mingw32/bin/../lib/gcc/nios2-elf/4.1.2/../../../../nios2-elf/lib\libc.a(lib_a-memmove.o)
 .debug_abbrev  0x00000a1a      0x1c3 c:/altera/13.0sp1/nios2eds/bin/gnu/h-i686-mingw32/bin/../lib/gcc/nios2-elf/4.1.2/../../../../nios2-elf/lib\libc.a(lib_a-reallocr.o)
 .debug_abbrev  0x00000bdd      0x18c c:/altera/13.0sp1/nios2eds/bin/gnu/h-i686-mingw32/bin/../lib/gcc/nios2-elf/4.1.2/../../../../nios2-elf/lib\libc.a(lib_a-sbrkr.o)
 .debug_abbrev  0x00000d69      0x170 c:/altera/13.0sp1/nios2eds/bin/gnu/h-i686-mingw32/bin/../lib/gcc/nios2-elf/4.1.2/../../../../nios2-elf/lib\libc.a(lib_a-wsetup.o)
 .debug_abbrev  0x00000ed9      0x1c6 c:/altera/13.0sp1/nios2eds/bin/gnu/h-i686-mingw32/bin/../lib/gcc/nios2-elf/4.1.2/../../../../nios2-elf/lib\libc.a(lib_a-fflush.o)
 .debug_abbrev  0x0000109f      0x24c c:/altera/13.0sp1/nios2eds/bin/gnu/h-i686-mingw32/bin/../lib/gcc/nios2-elf/4.1.2/../../../../nios2-elf/lib\libc.a(lib_a-findfp.o)
 .debug_abbrev  0x000012eb      0x1d9 c:/altera/13.0sp1/nios2eds/bin/gnu/h-i686-mingw32/bin/../lib/gcc/nios2-elf/4.1.2/../../../../nios2-elf/lib\libc.a(lib_a-freer.o)
 .debug_abbrev  0x000014c4      0x1e3 c:/altera/13.0sp1/nios2eds/bin/gnu/h-i686-mingw32/bin/../lib/gcc/nios2-elf/4.1.2/../../../../nios2-elf/lib\libc.a(lib_a-fwalk.o)
 .debug_abbrev  0x000016a7       0x3b c:/altera/13.0sp1/nios2eds/bin/gnu/h-i686-mingw32/bin/../lib/gcc/nios2-elf/4.1.2/../../../../nios2-elf/lib\libc.a(lib_a-int_errno.o)
 .debug_abbrev  0x000016e2      0x197 c:/altera/13.0sp1/nios2eds/bin/gnu/h-i686-mingw32/bin/../lib/gcc/nios2-elf/4.1.2/../../../../nios2-elf/lib\libc.a(lib_a-makebuf.o)
 .debug_abbrev  0x00001879       0xb8 c:/altera/13.0sp1/nios2eds/bin/gnu/h-i686-mingw32/bin/../lib/gcc/nios2-elf/4.1.2/../../../../nios2-elf/lib\libc.a(lib_a-memset.o)
 .debug_abbrev  0x00001931      0x1c9 c:/altera/13.0sp1/nios2eds/bin/gnu/h-i686-mingw32/bin/../lib/gcc/nios2-elf/4.1.2/../../../../nios2-elf/lib\libc.a(lib_a-stdio.o)
 .debug_abbrev  0x00001afa      0x184 c:/altera/13.0sp1/nios2eds/bin/gnu/h-i686-mingw32/bin/../lib/gcc/nios2-elf/4.1.2/../../../../nios2-elf/lib\libc.a(lib_a-writer.o)
 .debug_abbrev  0x00001c7e      0x17f c:/altera/13.0sp1/nios2eds/bin/gnu/h-i686-mingw32/bin/../lib/gcc/nios2-elf/4.1.2/../../../../nios2-elf/lib\libc.a(lib_a-closer.o)
 .debug_abbrev  0x00001dfd      0x1a7 c:/altera/13.0sp1/nios2eds/bin/gnu/h-i686-mingw32/bin/../lib/gcc/nios2-elf/4.1.2/../../../../nios2-elf/lib\libc.a(lib_a-fclose.o)
 .debug_abbrev  0x00001fa4      0x18e c:/altera/13.0sp1/nios2eds/bin/gnu/h-i686-mingw32/bin/../lib/gcc/nios2-elf/4.1.2/../../../../nios2-elf/lib\libc.a(lib_a-fstatr.o)
 .debug_abbrev  0x00002132      0x17f c:/altera/13.0sp1/nios2eds/bin/gnu/h-i686-mingw32/bin/../lib/gcc/nios2-elf/4.1.2/../../../../nios2-elf/lib\libc.a(lib_a-isattyr.o)
 .debug_abbrev  0x000022b1      0x18e c:/altera/13.0sp1/nios2eds/bin/gnu/h-i686-mingw32/bin/../lib/gcc/nios2-elf/4.1.2/../../../../nios2-elf/lib\libc.a(lib_a-lseekr.o)
 .debug_abbrev  0x0000243f      0x17f c:/altera/13.0sp1/nios2eds/bin/gnu/h-i686-mingw32/bin/../lib/gcc/nios2-elf/4.1.2/../../../../nios2-elf/lib\libc.a(lib_a-readr.o)
 .debug_abbrev  0x000025be       0xfb ../e1_3_bsp/\libhal_bsp.a(alt_close.o)
 .debug_abbrev  0x000026b9       0xc7 ../e1_3_bsp/\libhal_bsp.a(alt_dev.o)
 .debug_abbrev  0x00002780       0x5e ../e1_3_bsp/\libhal_bsp.a(alt_errno.o)
 .debug_abbrev  0x000027de       0xfb ../e1_3_bsp/\libhal_bsp.a(alt_fstat.o)
 .debug_abbrev  0x000028d9       0xfb ../e1_3_bsp/\libhal_bsp.a(alt_isatty.o)
 .debug_abbrev  0x000029d4       0x88 ../e1_3_bsp/\libhal_bsp.a(alt_load.o)
 .debug_abbrev  0x00002a5c       0xfb ../e1_3_bsp/\libhal_bsp.a(alt_lseek.o)
 .debug_abbrev  0x00002b57       0xbe ../e1_3_bsp/\libhal_bsp.a(alt_main.o)
 .debug_abbrev  0x00002c15      0x181 ../e1_3_bsp/\libhal_bsp.a(alt_malloc_lock.o)
 .debug_abbrev  0x00002d96       0xfb ../e1_3_bsp/\libhal_bsp.a(alt_read.o)
 .debug_abbrev  0x00002e91       0xc1 ../e1_3_bsp/\libhal_bsp.a(alt_release_fd.o)
 .debug_abbrev  0x00002f52      0x11c ../e1_3_bsp/\libhal_bsp.a(alt_sbrk.o)
 .debug_abbrev  0x0000306e      0x100 ../e1_3_bsp/\libhal_bsp.a(alt_write.o)
 .debug_abbrev  0x0000316e      0x15e ../e1_3_bsp/\libhal_bsp.a(alt_sys_init.o)
 .debug_abbrev  0x000032cc       0xf7 ../e1_3_bsp/\libhal_bsp.a(altera_avalon_jtag_uart_fd.o)
 .debug_abbrev  0x000033c3      0x17c ../e1_3_bsp/\libhal_bsp.a(altera_avalon_jtag_uart_init.o)
 .debug_abbrev  0x0000353f       0xf0 ../e1_3_bsp/\libhal_bsp.a(altera_avalon_jtag_uart_ioctl.o)
 .debug_abbrev  0x0000362f      0x191 ../e1_3_bsp/\libhal_bsp.a(altera_avalon_jtag_uart_read.o)
 .debug_abbrev  0x000037c0      0x18d ../e1_3_bsp/\libhal_bsp.a(altera_avalon_jtag_uart_write.o)
 .debug_abbrev  0x0000394d      0x137 ../e1_3_bsp/\libhal_bsp.a(altera_avalon_timer_sc.o)
 .debug_abbrev  0x00003a84      0x127 ../e1_3_bsp/\libhal_bsp.a(altera_up_avalon_character_lcd.o)
 .debug_abbrev  0x00003bab      0x120 ../e1_3_bsp/\libhal_bsp.a(altera_up_avalon_rs232.o)
 .debug_abbrev  0x00003ccb      0x172 ../e1_3_bsp/\libhal_bsp.a(alt_alarm_start.o)
 .debug_abbrev  0x00003e3d       0x57 ../e1_3_bsp/\libhal_bsp.a(alt_dcache_flush_all.o)
 .debug_abbrev  0x00003e94       0xf6 ../e1_3_bsp/\libhal_bsp.a(alt_dev_llist_insert.o)
 .debug_abbrev  0x00003f8a       0x76 ../e1_3_bsp/\libhal_bsp.a(alt_do_ctors.o)
 .debug_abbrev  0x00004000       0x76 ../e1_3_bsp/\libhal_bsp.a(alt_do_dtors.o)
 .debug_abbrev  0x00004076       0xcf ../e1_3_bsp/\libhal_bsp.a(alt_find_dev.o)
 .debug_abbrev  0x00004145       0x3f ../e1_3_bsp/\libhal_bsp.a(alt_icache_flush_all.o)
 .debug_abbrev  0x00004184       0xf0 ../e1_3_bsp/\libhal_bsp.a(alt_io_redirect.o)
 .debug_abbrev  0x00004274      0x180 ../e1_3_bsp/\libhal_bsp.a(alt_irq_register.o)
 .debug_abbrev  0x000043f4       0x44 ../e1_3_bsp/\libhal_bsp.a(alt_irq_vars.o)
 .debug_abbrev  0x00004438      0x112 ../e1_3_bsp/\libhal_bsp.a(alt_open.o)
 .debug_abbrev  0x0000454a      0x161 ../e1_3_bsp/\libhal_bsp.a(alt_tick.o)
 .debug_abbrev  0x000046ab       0x64 ../e1_3_bsp/\libhal_bsp.a(altera_nios2_qsys_irq.o)
 .debug_abbrev  0x0000470f       0xcf ../e1_3_bsp/\libhal_bsp.a(alt_find_file.o)
 .debug_abbrev  0x000047de       0xfb ../e1_3_bsp/\libhal_bsp.a(alt_get_fd.o)
 .debug_abbrev  0x000048d9       0x7a ../e1_3_bsp/\libhal_bsp.a(alt_icache_flush.o)
 .debug_abbrev  0x00004953       0x12 ../e1_3_bsp/\libhal_bsp.a(alt_irq_entry.o)
 .debug_abbrev  0x00004965      0x124 ../e1_3_bsp/\libhal_bsp.a(alt_irq_handler.o)
 .debug_abbrev  0x00004a89       0x12 ../e1_3_bsp/\libhal_bsp.a(alt_exception_entry.o)
 .debug_abbrev  0x00004a9b       0xb7 c:/altera/13.0sp1/nios2eds/bin/gnu/h-i686-mingw32/bin/../lib/gcc/nios2-elf/4.1.2/../../../../nios2-elf/lib\libc.a(lib_a-atexit.o)
 .debug_abbrev  0x00004b52      0x16e c:/altera/13.0sp1/nios2eds/bin/gnu/h-i686-mingw32/bin/../lib/gcc/nios2-elf/4.1.2/../../../../nios2-elf/lib\libc.a(lib_a-exit.o)
 .debug_abbrev  0x00004cc0       0x7c c:/altera/13.0sp1/nios2eds/bin/gnu/h-i686-mingw32/bin/../lib/gcc/nios2-elf/4.1.2/../../../../nios2-elf/lib\libc.a(lib_a-memcmp.o)
 .debug_abbrev  0x00004d3c      0x1ae c:/altera/13.0sp1/nios2eds/bin/gnu/h-i686-mingw32/bin/../lib/gcc/nios2-elf/4.1.2/../../../../nios2-elf/lib\libc.a(lib_a-__atexit.o)
 .debug_abbrev  0x00004eea      0x1de c:/altera/13.0sp1/nios2eds/bin/gnu/h-i686-mingw32/bin/../lib/gcc/nios2-elf/4.1.2/../../../../nios2-elf/lib\libc.a(lib_a-__call_atexit.o)
 .debug_abbrev  0x000050c8       0x99 ../e1_3_bsp/\libhal_bsp.a(alt_exit.o)

.debug_line     0x00000000     0xd06c
 *(.debug_line)
 .debug_line    0x00000000       0x72 ../e1_3_bsp//obj/HAL/src/crt0.o
 .debug_line    0x00000072      0x262 obj/default/hello_world.o
 .debug_line    0x000002d4      0x2f7 c:/altera/13.0sp1/nios2eds/bin/gnu/h-i686-mingw32/bin/../lib/gcc/nios2-elf/4.1.2/../../../../nios2-elf/lib\libc.a(lib_a-puts.o)
 .debug_line    0x000005cb      0x26d c:/altera/13.0sp1/nios2eds/bin/gnu/h-i686-mingw32/bin/../lib/gcc/nios2-elf/4.1.2/../../../../nios2-elf/lib\libc.a(lib_a-strlen.o)
 .debug_line    0x00000838      0x641 c:/altera/13.0sp1/nios2eds/bin/gnu/h-i686-mingw32/bin/../lib/gcc/nios2-elf/4.1.2/../../../../nios2-elf/lib\libc.a(lib_a-fvwrite.o)
 .debug_line    0x00000e79      0x22d c:/altera/13.0sp1/nios2eds/bin/gnu/h-i686-mingw32/bin/../lib/gcc/nios2-elf/4.1.2/../../../../nios2-elf/lib\libc.a(lib_a-impure.o)
 .debug_line    0x000010a6      0x80a c:/altera/13.0sp1/nios2eds/bin/gnu/h-i686-mingw32/bin/../lib/gcc/nios2-elf/4.1.2/../../../../nios2-elf/lib\libc.a(lib_a-mallocr.o)
 .debug_line    0x000018b0      0x303 c:/altera/13.0sp1/nios2eds/bin/gnu/h-i686-mingw32/bin/../lib/gcc/nios2-elf/4.1.2/../../../../nios2-elf/lib\libc.a(lib_a-memchr.o)
 .debug_line    0x00001bb3      0x1ac c:/altera/13.0sp1/nios2eds/bin/gnu/h-i686-mingw32/bin/../lib/gcc/nios2-elf/4.1.2/../../../../nios2-elf/lib\libc.a(lib_a-memcpy.o)